Archive member included to satisfy reference by file (symbol)

C:/Program Files/SEGGER/SEGGER Embedded Studio for ARM 5.50d/lib/libc_v7em_fpv4_sp_d16_hard_t_le_eabi.a(libc2.o)
                              Output/Release/Obj/ASSIGNMENT_P2/nrf_log_str_formatter.o (isprint)
C:/Program Files/SEGGER/SEGGER Embedded Studio for ARM 5.50d/lib/libc_v7em_fpv4_sp_d16_hard_t_le_eabi.a(libc2_asm.o)
                              Output/Release/Obj/ASSIGNMENT_P2/nrf_log_frontend.o (memcpy)
C:/Program Files/SEGGER/SEGGER Embedded Studio for ARM 5.50d/lib/libc_v7em_fpv4_sp_d16_hard_t_le_eabi.a(libvfprintf.o)
                              (__vfprintf_long)
C:/Program Files/SEGGER/SEGGER Embedded Studio for ARM 5.50d/lib/libc_v7em_fpv4_sp_d16_hard_t_le_eabi.a(libvfscanf.o)
                              (__vfscanf_long)
C:/Program Files/SEGGER/SEGGER Embedded Studio for ARM 5.50d/lib/libc_v7em_fpv4_sp_d16_hard_t_le_eabi.a(libc.o)
                              C:/Program Files/SEGGER/SEGGER Embedded Studio for ARM 5.50d/lib/libc_v7em_fpv4_sp_d16_hard_t_le_eabi.a(libc2.o) (__heap_lock)
C:/Program Files/SEGGER/SEGGER Embedded Studio for ARM 5.50d/lib/libc_v7em_fpv4_sp_d16_hard_t_le_eabi.a(libc_asm.o)
                              C:/Program Files/SEGGER/SEGGER Embedded Studio for ARM 5.50d/lib/libc_v7em_fpv4_sp_d16_hard_t_le_eabi.a(libc2.o) (__aeabi_uldivmod)
C:/Program Files/SEGGER/SEGGER Embedded Studio for ARM 5.50d/lib/libdebugio_v7em_fpv4_sp_d16_hard_t_le_eabi.a(libdebugio.o)
                              Output/Release/Obj/ASSIGNMENT_P2/thumb_crt0.o (debug_fopen)
C:/Program Files/SEGGER/SEGGER Embedded Studio for ARM 5.50d/lib/libdebugio_v7em_fpv4_sp_d16_hard_t_le_eabi.a(do_nv_debug_operation.o)
                              C:/Program Files/SEGGER/SEGGER Embedded Studio for ARM 5.50d/lib/libdebugio_v7em_fpv4_sp_d16_hard_t_le_eabi.a(libdebugio.o) (__do_nvdebug_operation)
C:/Program Files/SEGGER/SEGGER Embedded Studio for ARM 5.50d/lib/libdebugio_v7em_fpv4_sp_d16_hard_t_le_eabi.a(mempoll_debug_operations.o)
                              (__do_debug_operation_mempoll)
C:/Program Files/SEGGER/SEGGER Embedded Studio for ARM 5.50d/lib/libm_v7em_fpv4_sp_d16_hard_t_le_eabi.a(libm_asm.o)
                              C:/Program Files/SEGGER/SEGGER Embedded Studio for ARM 5.50d/lib/libc_v7em_fpv4_sp_d16_hard_t_le_eabi.a(libc2.o) (__aeabi_dadd)
C:/Program Files/SEGGER/SEGGER Embedded Studio for ARM 5.50d/lib/libm_v7em_fpv4_sp_d16_hard_t_le_eabi.a(libm2.o)
                              C:/Program Files/SEGGER/SEGGER Embedded Studio for ARM 5.50d/lib/libc_v7em_fpv4_sp_d16_hard_t_le_eabi.a(libvfprintf.o) (frexp)

Discarded input sections

 .text          0x0000000000000000        0x0 Output/Release/Obj/ASSIGNMENT_P2/thumb_crt0.o
 .data          0x0000000000000000        0x0 Output/Release/Obj/ASSIGNMENT_P2/thumb_crt0.o
 .bss           0x0000000000000000        0x0 Output/Release/Obj/ASSIGNMENT_P2/thumb_crt0.o
 .text.__aeabi_read_tp
                0x0000000000000000        0x8 Output/Release/Obj/ASSIGNMENT_P2/thumb_crt0.o
 .text.abort    0x0000000000000000        0x2 Output/Release/Obj/ASSIGNMENT_P2/thumb_crt0.o
 .text.__assert
                0x0000000000000000        0x2 Output/Release/Obj/ASSIGNMENT_P2/thumb_crt0.o
 .text.__assert_func
                0x0000000000000000        0x2 Output/Release/Obj/ASSIGNMENT_P2/thumb_crt0.o
 .text.__aeabi_assert
                0x0000000000000000        0x2 Output/Release/Obj/ASSIGNMENT_P2/thumb_crt0.o
 .text.__sync_synchronize
                0x0000000000000000        0x2 Output/Release/Obj/ASSIGNMENT_P2/thumb_crt0.o
 .text.__getchar
                0x0000000000000000        0x4 Output/Release/Obj/ASSIGNMENT_P2/thumb_crt0.o
 .text.__putchar
                0x0000000000000000        0x4 Output/Release/Obj/ASSIGNMENT_P2/thumb_crt0.o
 .text.__open   0x0000000000000000        0x4 Output/Release/Obj/ASSIGNMENT_P2/thumb_crt0.o
 .text.__close  0x0000000000000000        0x4 Output/Release/Obj/ASSIGNMENT_P2/thumb_crt0.o
 .text.__write  0x0000000000000000        0xa Output/Release/Obj/ASSIGNMENT_P2/thumb_crt0.o
 .text.__read   0x0000000000000000        0xa Output/Release/Obj/ASSIGNMENT_P2/thumb_crt0.o
 .text.__seek   0x0000000000000000       0x1a Output/Release/Obj/ASSIGNMENT_P2/thumb_crt0.o
 .text.remove   0x0000000000000000        0x4 Output/Release/Obj/ASSIGNMENT_P2/thumb_crt0.o
 .text.rename   0x0000000000000000        0x4 Output/Release/Obj/ASSIGNMENT_P2/thumb_crt0.o
 .bss.__user_locale_name_buffer
                0x0000000000000000        0x4 Output/Release/Obj/ASSIGNMENT_P2/thumb_crt0.o
 .stack         0x0000000000000000        0x0 Output/Release/Obj/ASSIGNMENT_P2/thumb_crt0.o
 .stack_process
                0x0000000000000000        0x0 Output/Release/Obj/ASSIGNMENT_P2/thumb_crt0.o
 .heap          0x0000000000000000        0x0 Output/Release/Obj/ASSIGNMENT_P2/thumb_crt0.o
 .group         0x0000000000000000        0xc Output/Release/Obj/ASSIGNMENT_P2/nrf_log_backend_rtt.o
[...]
Memory Configuration

Name             Origin             Length             Attributes
UNPLACED_SECTIONS 0x0000000100000000 0x0000000000000000 xw
RAM1             0x0000000020000000 0x0000000000010000 xw
FLASH            0x0000000000000000 0x0000000000080000 xw
*default*        0x0000000000000000 0xffffffffffffffff

Linker script and memory map

                0x0000000000000000                __do_debug_operation = __do_debug_operation_mempoll
                0x0000000000000000                __vfprintf = __vfprintf_long
                0x0000000000000000                __vfscanf = __vfscanf_long
                0x0000000020000000                __RAM1_segment_start__ = 0x20000000
                0x0000000020010000                __RAM1_segment_end__ = 0x20010000
                0x0000000000010000                __RAM1_segment_size__ = 0x10000
                0x0000000000000000                __FLASH_segment_start__ = 0x0
                0x0000000000080000                __FLASH_segment_end__ = 0x80000
                0x0000000000080000                __FLASH_segment_size__ = 0x80000
                0x0000000000002000                __HEAPSIZE__ = 0x2000
                0x0000000000000000                __STACKSIZE_PROCESS__ = 0x0
                0x0000000000002000                __STACKSIZE__ = 0x2000
                0x0000000020000000                __vectors_ram_load_start__ = 0x20000000

.vectors_ram    0x0000000020000000        0x0
                0x0000000020000000                __vectors_ram_start__ = .
                0x0000000020000000                __app_ram_start__ = __vectors_ram_start__
 *(.vectors_ram .vectors_ram.*)
                0x0000000020000000                __vectors_ram_end__ = (__vectors_ram_start__ + SIZEOF (.vectors_ram))
                0x0000000000000000                __vectors_ram_size__ = SIZEOF (.vectors_ram)
                0x0000000020000000                __vectors_ram_load_end__ = __vectors_ram_end__
                0x0000000000000001                . = ASSERT (((__vectors_ram_start__ == __vectors_ram_end__) || ((__vectors_ram_end__ - __RAM1_segment_start__) <= __RAM1_segment_size__)), error: .vectors_ram is too large to fit in RAM1 memory segment)
                0x0000000020000000                __nrf_sections_run_load_start__ = ALIGN (__vectors_ram_end__, 0x4)

.nrf_sections_run
                0x0000000020000000        0x0
                0x0000000020000000                __nrf_sections_run_start__ = .
                0x0000000020000000                __start_nrf_sections_run = __nrf_sections_run_start__
 *(.nrf_sections_run .nrf_sections_run.*)
                0x0000000020000000                __nrf_sections_run_end__ = (__nrf_sections_run_start__ + SIZEOF (.nrf_sections_run))
                0x0000000000000000                __nrf_sections_run_size__ = SIZEOF (.nrf_sections_run)
                0x0000000020000000                __nrf_sections_run_load_end__ = __nrf_sections_run_end__
                0x0000000000000001                . = ASSERT (((__nrf_sections_run_start__ == __nrf_sections_run_end__) || ((__nrf_sections_run_end__ - __RAM1_segment_start__) <= __RAM1_segment_size__)), error: .nrf_sections_run is too large to fit in RAM1 memory segment)
                0x0000000000000000                __vectors_load_start__ = 0x0

.vectors        0x0000000000000000      0x200
                0x0000000000000000                __vectors_start__ = .
 *(.vectors .vectors.*)
 .vectors       0x0000000000000000      0x200 Output/Release/Obj/ASSIGNMENT_P2/ses_startup_nrf52.o
                0x0000000000000000                _vectors
                0x0000000000000200                __vectors_end__ = (__vectors_start__ + SIZEOF (.vectors))
                0x0000000000000200                __vectors_size__ = SIZEOF (.vectors)
                0x0000000000000200                __vectors_load_end__ = __vectors_end__
                0x0000000000000001                . = ASSERT (((__vectors_start__ == __vectors_end__) || ((__vectors_end__ - __FLASH_segment_start__) <= __FLASH_segment_size__)), error: .vectors is too large to fit in FLASH memory segment)
                0x0000000000000200                __init_load_start__ = ALIGN (__vectors_end__, 0x4)

.init           0x0000000000000200      0x1d0
                0x0000000000000200                __init_start__ = .
 *(.init .init.*)
 .init          0x0000000000000200      0x15c Output/Release/Obj/ASSIGNMENT_P2/thumb_crt0.o
                0x0000000000000200                _start
                0x00000000000002b4                exit
 .init          0x000000000000035c       0x18 Output/Release/Obj/ASSIGNMENT_P2/ses_startup_nrf52.o
                0x000000000000035c                NMI_Handler
                0x000000000000035e                HardFault_Handler
                0x0000000000000360                MemoryManagement_Handler
                0x0000000000000362                BusFault_Handler
                0x0000000000000364                UsageFault_Handler
                0x0000000000000366                SVC_Handler
                0x0000000000000368                DebugMon_Handler
                0x000000000000036a                PendSV_Handler
                0x000000000000036c                SysTick_Handler
                0x000000000000036e                PWM1_IRQHandler
                0x000000000000036e                GPIOTE_IRQHandler
                0x000000000000036e                SWI0_EGU0_IRQHandler
                0x000000000000036e                POWER_CLOCK_IRQHandler
                0x000000000000036e                RADIO_IRQHandler
                0x000000000000036e                PDM_IRQHandler
                0x000000000000036e                TEMP_IRQHandler
                0x000000000000036e                RTC0_IRQHandler
                0x000000000000036e                TIMER3_IRQHandler
                0x000000000000036e                FPU_IRQHandler
                0x000000000000036e                SWI2_EGU2_IRQHandler
                0x000000000000036e                TIMER4_IRQHandler
                0x000000000000036e                I2S_IRQHandler
                0x000000000000036e                SWI4_EGU4_IRQHandler
                0x000000000000036e                TIMER0_IRQHandler
                0x000000000000036e                Dummy_Handler
                0x000000000000036e                TIMER1_IRQHandler
                0x000000000000036e                PWM2_IRQHandler
                0x000000000000036e                ECB_IRQHandler
                0x000000000000036e                SPIM1_SPIS1_TWIM1_TWIS1_SPI1_TWI1_IRQHandler
                0x000000000000036e                SAADC_IRQHandler
                0x000000000000036e                CCM_AAR_IRQHandler
                0x000000000000036e                WDT_IRQHandler
                0x000000000000036e                QDEC_IRQHandler
                0x000000000000036e                SWI5_EGU5_IRQHandler
                0x000000000000036e                RNG_IRQHandler
                0x000000000000036e                RTC2_IRQHandler
                0x000000000000036e                PWM0_IRQHandler
                0x000000000000036e                SWI3_EGU3_IRQHandler
                0x000000000000036e                RTC1_IRQHandler
                0x000000000000036e                SWI1_EGU1_IRQHandler
                0x000000000000036e                SPIM2_SPIS2_SPI2_IRQHandler
                0x000000000000036e                NFCT_IRQHandler
                0x000000000000036e                TIMER2_IRQHandler
                0x000000000000036e                MWU_IRQHandler
                0x000000000000036e                COMP_LPCOMP_IRQHandler
                0x0000000000000370                nRFInitialize
 .init          0x0000000000000374       0x5c Output/Release/Obj/ASSIGNMENT_P2/ses_startup_nrf_common.o
                0x0000000000000374                Reset_Handler
                0x0000000000000378                afterInitialize
                0x000000000000039c                InitializeUserMemorySections
                0x00000000000003d0                __init_end__ = (__init_start__ + SIZEOF (.init))
                0x00000000000001d0                __init_size__ = SIZEOF (.init)
                0x00000000000003d0                __init_load_end__ = __init_end__
                0x0000000000000001                . = ASSERT (((__init_start__ == __init_end__) || ((__init_end__ - __FLASH_segment_start__) <= __FLASH_segment_size__)), error: .init is too large to fit in FLASH memory segment)
                0x00000000000003d0                __init_rodata_load_start__ = ALIGN (__init_end__, 0x4)

.init_rodata    0x00000000000003d0        0x0
                0x00000000000003d0                __init_rodata_start__ = .
 *(.init_rodata .init_rodata.*)
                0x00000000000003d0                __init_rodata_end__ = (__init_rodata_start__ + SIZEOF (.init_rodata))
                0x0000000000000000                __init_rodata_size__ = SIZEOF (.init_rodata)
                0x00000000000003d0                __init_rodata_load_end__ = __init_rodata_end__
                0x0000000000000001                . = ASSERT (((__init_rodata_start__ == __init_rodata_end__) || ((__init_rodata_end__ - __FLASH_segment_start__) <= __FLASH_segment_size__)), error: .init_rodata is too large to fit in FLASH memory segment)
                0x00000000000003d0                __text_load_start__ = ALIGN (__init_rodata_end__, 0x4)

.text           0x00000000000003d0     0x4614
                0x00000000000003d0                __text_start__ = .
 *(.text .text.* .glue_7t .glue_7 .gnu.linkonce.t.* .gcc_except_table .ARM.extab* .gnu.linkonce.armextab.*)
 .glue_7        0x00000000000003d0        0x0 linker stubs
 .glue_7t       0x00000000000003d0        0x0 linker stubs
 .text.nrf_log_backend_serial_put
                0x00000000000003d0       0xc2 Output/Release/Obj/ASSIGNMENT_P2/nrf_log_backend_serial.o
                0x00000000000003d0                nrf_log_backend_serial_put
 *fill*         0x0000000000000492        0x2 
 .text.nrf_log_default_backends_init
                0x0000000000000494       0x20 Output/Release/Obj/ASSIGNMENT_P2/nrf_log_default_backends.o
                0x0000000000000494                nrf_log_default_backends_init
 .text.invalid_packets_omit
                0x00000000000004b4       0x3a Output/Release/Obj/ASSIGNMENT_P2/nrf_log_frontend.o
 *fill*         0x00000000000004ee        0x2 
 .text.buf_prealloc
                0x00000000000004f0      0x11c Output/Release/Obj/ASSIGNMENT_P2/nrf_log_frontend.o
 .text.nrf_log_init
                0x000000000000060c       0x28 Output/Release/Obj/ASSIGNMENT_P2/nrf_log_frontend.o
                0x000000000000060c                nrf_log_init
 .text.nrf_log_module_name_get
                0x0000000000000634       0x38 Output/Release/Obj/ASSIGNMENT_P2/nrf_log_frontend.o
                0x0000000000000634                nrf_log_module_name_get
 .text.nrf_log_color_id_get
                0x000000000000066c       0x2c Output/Release/Obj/ASSIGNMENT_P2/nrf_log_frontend.o
                0x000000000000066c                nrf_log_color_id_get
 .text.buffer_is_empty
                0x0000000000000698       0x14 Output/Release/Obj/ASSIGNMENT_P2/nrf_log_frontend.o
                0x0000000000000698                buffer_is_empty
 .text.nrf_log_frontend_dequeue
                0x00000000000006ac      0x200 Output/Release/Obj/ASSIGNMENT_P2/nrf_log_frontend.o
                0x00000000000006ac                nrf_log_frontend_dequeue
 .text.std_n    0x00000000000008ac       0x8c Output/Release/Obj/ASSIGNMENT_P2/nrf_log_frontend.o
 .text.nrf_log_frontend_std_0
                0x0000000000000938        0x8 Output/Release/Obj/ASSIGNMENT_P2/nrf_log_frontend.o
                0x0000000000000938                nrf_log_frontend_std_0
 .text.nrf_log_frontend_std_1
                0x0000000000000940       0x12 Output/Release/Obj/ASSIGNMENT_P2/nrf_log_frontend.o
                0x0000000000000940                nrf_log_frontend_std_1
 .text.nrf_log_frontend_std_2
                0x0000000000000952       0x14 Output/Release/Obj/ASSIGNMENT_P2/nrf_log_frontend.o
                0x0000000000000952                nrf_log_frontend_std_2
 *fill*         0x0000000000000966        0x2 
 .text.nrf_log_backend_add
                0x0000000000000968       0x44 Output/Release/Obj/ASSIGNMENT_P2/nrf_log_frontend.o
                0x0000000000000968                nrf_log_backend_add
 .text.nrf_log_panic
                0x00000000000009ac       0x28 Output/Release/Obj/ASSIGNMENT_P2/nrf_log_frontend.o
                0x00000000000009ac                nrf_log_panic
 .text.prefix_process
                0x00000000000009d4       0x7c Output/Release/Obj/ASSIGNMENT_P2/nrf_log_str_formatter.o
 .text.postfix_process
                0x0000000000000a50       0x44 Output/Release/Obj/ASSIGNMENT_P2/nrf_log_str_formatter.o
 .text.nrf_log_std_entry_process
                0x0000000000000a94       0xc8 Output/Release/Obj/ASSIGNMENT_P2/nrf_log_str_formatter.o
                0x0000000000000a94                nrf_log_std_entry_process
 .text.nrf_log_hexdump_entry_process
                0x0000000000000b5c       0xc0 Output/Release/Obj/ASSIGNMENT_P2/nrf_log_str_formatter.o
                0x0000000000000b5c                nrf_log_hexdump_entry_process
 .text.nrf_log_backend_uart_flush
                0x0000000000000c1c        0x2 Output/Release/Obj/ASSIGNMENT_P2/nrf_log_backend_uart.o
 *fill*         0x0000000000000c1e        0x2 
 .text.nrf_log_backend_uart_put
                0x0000000000000c20       0x1c Output/Release/Obj/ASSIGNMENT_P2/nrf_log_backend_uart.o
 .text.uart_init.constprop.0
                0x0000000000000c3c       0x40 Output/Release/Obj/ASSIGNMENT_P2/nrf_log_backend_uart.o
 .text.serial_tx
                0x0000000000000c7c       0x48 Output/Release/Obj/ASSIGNMENT_P2/nrf_log_backend_uart.o
 .text.nrf_log_backend_uart_panic_set
                0x0000000000000cc4       0x2c Output/Release/Obj/ASSIGNMENT_P2/nrf_log_backend_uart.o
 .text.nrf_log_backend_uart_init
                0x0000000000000cf0        0x4 Output/Release/Obj/ASSIGNMENT_P2/nrf_log_backend_uart.o
                0x0000000000000cf0                nrf_log_backend_uart_init
 .text.bsp_board_led_off
                0x0000000000000cf4       0x18 Output/Release/Obj/ASSIGNMENT_P2/boards.o
                0x0000000000000cf4                bsp_board_led_off
 .text.bsp_board_leds_off
                0x0000000000000d0c       0x1e Output/Release/Obj/ASSIGNMENT_P2/boards.o
                0x0000000000000d0c                bsp_board_leds_off
 .text.bsp_board_init
                0x0000000000000d2a       0x3e Output/Release/Obj/ASSIGNMENT_P2/boards.o
                0x0000000000000d2a                bsp_board_init
 .text.app_error_handler_bare
                0x0000000000000d68       0x1a Output/Release/Obj/ASSIGNMENT_P2/app_error.o
                0x0000000000000d68                app_error_handler_bare
 *fill*         0x0000000000000d82        0x2 
 .text.app_error_fault_handler
                0x0000000000000d84       0x6c Output/Release/Obj/ASSIGNMENT_P2/app_error_weak.o
                0x0000000000000d84                app_error_fault_handler
 .text.sdc_spi_transfer
                0x0000000000000df0       0x40 Output/Release/Obj/ASSIGNMENT_P2/app_sdcard.o
 .text.sdc_cmd  0x0000000000000e30       0xbc Output/Release/Obj/ASSIGNMENT_P2/app_sdcard.o
 .text.sdc_pt_sub_data_read
                0x0000000000000eec      0x15c Output/Release/Obj/ASSIGNMENT_P2/app_sdcard.o
 .text.app_sdc_block_read
                0x0000000000001048       0x60 Output/Release/Obj/ASSIGNMENT_P2/app_sdcard.o
                0x0000000000001048                app_sdc_block_read
 .text.app_sdc_block_write
                0x00000000000010a8       0x68 Output/Release/Obj/ASSIGNMENT_P2/app_sdcard.o
                0x00000000000010a8                app_sdc_block_write
 .text.app_sdc_init
                0x0000000000001110       0xe0 Output/Release/Obj/ASSIGNMENT_P2/app_sdcard.o
                0x0000000000001110                app_sdc_init
 .text.app_sdc_uninit
                0x00000000000011f0       0x44 Output/Release/Obj/ASSIGNMENT_P2/app_sdcard.o
                0x00000000000011f0                app_sdc_uninit
 .text.spi_handler
                0x0000000000001234      0x6c0 Output/Release/Obj/ASSIGNMENT_P2/app_sdcard.o
 .text.app_sdc_busy_check
                0x00000000000018f4       0x20 Output/Release/Obj/ASSIGNMENT_P2/app_sdcard.o
                0x00000000000018f4                app_sdc_busy_check
 .text.app_sdc_info_get
                0x0000000000001914       0x18 Output/Release/Obj/ASSIGNMENT_P2/app_sdcard.o
                0x0000000000001914                app_sdc_info_get
 .text.app_util_disable_irq
                0x000000000000192c       0x10 Output/Release/Obj/ASSIGNMENT_P2/app_util_platform.o
                0x000000000000192c                app_util_disable_irq
 .text.app_util_enable_irq
                0x000000000000193c       0x14 Output/Release/Obj/ASSIGNMENT_P2/app_util_platform.o
                0x000000000000193c                app_util_enable_irq
 .text.app_util_critical_region_enter
                0x0000000000001950        0x4 Output/Release/Obj/ASSIGNMENT_P2/app_util_platform.o
                0x0000000000001950                app_util_critical_region_enter
 .text.app_util_critical_region_exit
                0x0000000000001954        0x4 Output/Release/Obj/ASSIGNMENT_P2/app_util_platform.o
                0x0000000000001954                app_util_critical_region_exit
 .text.nrf_atomic_u32_fetch_store
                0x0000000000001958       0x16 Output/Release/Obj/ASSIGNMENT_P2/nrf_atomic.o
                0x0000000000001958                nrf_atomic_u32_fetch_store
 .text.nrf_atomic_u32_or
                0x000000000000196e       0x18 Output/Release/Obj/ASSIGNMENT_P2/nrf_atomic.o
                0x000000000000196e                nrf_atomic_u32_or
 .text.nrf_atomic_u32_fetch_and
                0x0000000000001986       0x18 Output/Release/Obj/ASSIGNMENT_P2/nrf_atomic.o
                0x0000000000001986                nrf_atomic_u32_fetch_and
 .text.nrf_atomic_u32_add
                0x000000000000199e       0x18 Output/Release/Obj/ASSIGNMENT_P2/nrf_atomic.o
                0x000000000000199e                nrf_atomic_u32_add
 .text.nrf_atomic_u32_sub
                0x00000000000019b6       0x18 Output/Release/Obj/ASSIGNMENT_P2/nrf_atomic.o
                0x00000000000019b6                nrf_atomic_u32_sub
 .text.nrf_atomic_flag_set
                0x00000000000019ce        0x6 Output/Release/Obj/ASSIGNMENT_P2/nrf_atomic.o
                0x00000000000019ce                nrf_atomic_flag_set
 .text.nrf_atomic_flag_clear_fetch
                0x00000000000019d4        0x6 Output/Release/Obj/ASSIGNMENT_P2/nrf_atomic.o
                0x00000000000019d4                nrf_atomic_flag_clear_fetch
 .text.nrf_balloc_init
                0x00000000000019da       0x2e Output/Release/Obj/ASSIGNMENT_P2/nrf_balloc.o
                0x00000000000019da                nrf_balloc_init
 .text.nrf_balloc_alloc
                0x0000000000001a08       0x40 Output/Release/Obj/ASSIGNMENT_P2/nrf_balloc.o
                0x0000000000001a08                nrf_balloc_alloc
 .text.nrf_balloc_free
                0x0000000000001a48       0x2a Output/Release/Obj/ASSIGNMENT_P2/nrf_balloc.o
                0x0000000000001a48                nrf_balloc_free
 .text.block_dev_sdc_ioctl
                0x0000000000001a72       0x1e Output/Release/Obj/ASSIGNMENT_P2/nrf_block_dev_sdc.o
 .text.block_dev_sdc_geometry
                0x0000000000001a90        0x4 Output/Release/Obj/ASSIGNMENT_P2/nrf_block_dev_sdc.o
 .text.sdc_wait
                0x0000000000001a94        0xc Output/Release/Obj/ASSIGNMENT_P2/nrf_block_dev_sdc.o
 .text.block_dev_sdc_write_req
                0x0000000000001aa0       0x78 Output/Release/Obj/ASSIGNMENT_P2/nrf_block_dev_sdc.o
 .text.block_dev_sdc_read_req
                0x0000000000001b18       0x78 Output/Release/Obj/ASSIGNMENT_P2/nrf_block_dev_sdc.o
 .text.block_dev_sdc_uninit
                0x0000000000001b90       0x54 Output/Release/Obj/ASSIGNMENT_P2/nrf_block_dev_sdc.o
 .text.block_dev_sdc_init
                0x0000000000001be4       0x78 Output/Release/Obj/ASSIGNMENT_P2/nrf_block_dev_sdc.o
 .text.sdc_handler
                0x0000000000001c5c       0xb0 Output/Release/Obj/ASSIGNMENT_P2/nrf_block_dev_sdc.o
 .text.nrf_fprintf_buffer_flush
                0x0000000000001d0c       0x16 Output/Release/Obj/ASSIGNMENT_P2/nrf_fprintf.o
                0x0000000000001d0c                nrf_fprintf_buffer_flush
 .text.nrf_fprintf
                0x0000000000001d22       0x1c Output/Release/Obj/ASSIGNMENT_P2/nrf_fprintf.o
                0x0000000000001d22                nrf_fprintf
 .text.buffer_add
                0x0000000000001d3e       0x2e Output/Release/Obj/ASSIGNMENT_P2/nrf_fprintf_format.o
 .text.unsigned_print
                0x0000000000001d6c       0xb4 Output/Release/Obj/ASSIGNMENT_P2/nrf_fprintf_format.o
 .text.nrf_fprintf_fmt
                0x0000000000001e20      0x294 Output/Release/Obj/ASSIGNMENT_P2/nrf_fprintf_format.o
                0x0000000000001e20                nrf_fprintf_fmt
 .text.memobj_op
                0x00000000000020b4       0x86 Output/Release/Obj/ASSIGNMENT_P2/nrf_memobj.o
 .text.nrf_memobj_pool_init
                0x000000000000213a        0x4 Output/Release/Obj/ASSIGNMENT_P2/nrf_memobj.o
                0x000000000000213a                nrf_memobj_pool_init
 .text.nrf_memobj_free
                0x000000000000213e       0x2c Output/Release/Obj/ASSIGNMENT_P2/nrf_memobj.o
                0x000000000000213e                nrf_memobj_free
 .text.nrf_memobj_alloc
                0x000000000000216a       0x5e Output/Release/Obj/ASSIGNMENT_P2/nrf_memobj.o
                0x000000000000216a                nrf_memobj_alloc
 .text.nrf_memobj_get
                0x00000000000021c8        0x8 Output/Release/Obj/ASSIGNMENT_P2/nrf_memobj.o
                0x00000000000021c8                nrf_memobj_get
 .text.nrf_memobj_put
                0x00000000000021d0       0x1c Output/Release/Obj/ASSIGNMENT_P2/nrf_memobj.o
                0x00000000000021d0                nrf_memobj_put
 .text.nrf_memobj_write
                0x00000000000021ec       0x14 Output/Release/Obj/ASSIGNMENT_P2/nrf_memobj.o
                0x00000000000021ec                nrf_memobj_write
 .text.nrf_memobj_read
                0x0000000000002200       0x14 Output/Release/Obj/ASSIGNMENT_P2/nrf_memobj.o
                0x0000000000002200                nrf_memobj_read
 .text.nrf_ringbuf_init
                0x0000000000002214       0x12 Output/Release/Obj/ASSIGNMENT_P2/nrf_ringbuf.o
                0x0000000000002214                nrf_ringbuf_init
 *fill*         0x0000000000002226        0x2 
 .text.spim_evt_handler
                0x0000000000002228       0x3c Output/Release/Obj/ASSIGNMENT_P2/nrf_drv_spi.o
 .text.nrf_drv_spi_init
                0x0000000000002264       0x64 Output/Release/Obj/ASSIGNMENT_P2/nrf_drv_spi.o
                0x0000000000002264                nrf_drv_spi_init
 .text.uarte_evt_handler
                0x00000000000022c8       0x34 Output/Release/Obj/ASSIGNMENT_P2/nrf_drv_uart.o
 .text.uart_evt_handler
                0x00000000000022fc       0x34 Output/Release/Obj/ASSIGNMENT_P2/nrf_drv_uart.o
 .text.nrf_drv_uart_init
                0x0000000000002330       0x7c Output/Release/Obj/ASSIGNMENT_P2/nrf_drv_uart.o
                0x0000000000002330                nrf_drv_uart_init
 .text.UARTE0_UART0_IRQHandler
                0x00000000000023ac        0xc Output/Release/Obj/ASSIGNMENT_P2/nrfx_prs.o
                0x00000000000023ac                UARTE0_UART0_IRQHandler
 .text.nrfx_prs_acquire
                0x00000000000023b8       0x38 Output/Release/Obj/ASSIGNMENT_P2/nrfx_prs.o
                0x00000000000023b8                nrfx_prs_acquire
 .text.nrfx_prs_release
                0x00000000000023f0       0x18 Output/Release/Obj/ASSIGNMENT_P2/nrfx_prs.o
                0x00000000000023f0                nrfx_prs_release
 .text.SPIM0_SPIS0_TWIM0_TWIS0_SPI0_TWI0_IRQHandler
                0x0000000000002408       0x58 Output/Release/Obj/ASSIGNMENT_P2/nrfx_spim.o
                0x0000000000002408                SPIM0_SPIS0_TWIM0_TWIS0_SPI0_TWI0_IRQHandler
 .text.nrfx_spim_init
                0x0000000000002460      0x1ac Output/Release/Obj/ASSIGNMENT_P2/nrfx_spim.o
                0x0000000000002460                nrfx_spim_init
 .text.nrfx_spim_uninit
                0x000000000000260c       0x9c Output/Release/Obj/ASSIGNMENT_P2/nrfx_spim.o
                0x000000000000260c                nrfx_spim_uninit
 .text.nrfx_spim_xfer
                0x00000000000026a8      0x128 Output/Release/Obj/ASSIGNMENT_P2/nrfx_spim.o
                0x00000000000026a8                nrfx_spim_xfer
 .text.nrf_uart_event_clear
                0x00000000000027d0       0x10 Output/Release/Obj/ASSIGNMENT_P2/nrfx_uart.o
 .text.tx_byte  0x00000000000027e0       0x1e Output/Release/Obj/ASSIGNMENT_P2/nrfx_uart.o
 .text.rx_byte  0x00000000000027fe       0x2c Output/Release/Obj/ASSIGNMENT_P2/nrfx_uart.o
 *fill*         0x000000000000282a        0x2 
 .text.rx_done_event.constprop.0
                0x000000000000282c       0x20 Output/Release/Obj/ASSIGNMENT_P2/nrfx_uart.o
 .text.nrfx_uart_0_irq_handler
                0x000000000000284c      0x140 Output/Release/Obj/ASSIGNMENT_P2/nrfx_uart.o
                0x000000000000284c                nrfx_uart_0_irq_handler
 .text.nrfx_uart_init
                0x000000000000298c      0x168 Output/Release/Obj/ASSIGNMENT_P2/nrfx_uart.o
                0x000000000000298c                nrfx_uart_init
 .text.nrfx_uart_uninit
                0x0000000000002af4       0xd4 Output/Release/Obj/ASSIGNMENT_P2/nrfx_uart.o
                0x0000000000002af4                nrfx_uart_uninit
 .text.nrfx_uart_tx_in_progress
                0x0000000000002bc8       0x18 Output/Release/Obj/ASSIGNMENT_P2/nrfx_uart.o
                0x0000000000002bc8                nrfx_uart_tx_in_progress
 .text.nrfx_uart_tx
                0x0000000000002be0       0xa0 Output/Release/Obj/ASSIGNMENT_P2/nrfx_uart.o
                0x0000000000002be0                nrfx_uart_tx
 .text.nrf_uarte_event_clear
                0x0000000000002c80       0x10 Output/Release/Obj/ASSIGNMENT_P2/nrfx_uarte.o
 .text.rx_done_event.constprop.0
                0x0000000000002c90       0x20 Output/Release/Obj/ASSIGNMENT_P2/nrfx_uarte.o
 .text.nrfx_uarte_0_irq_handler
                0x0000000000002cb0      0x118 Output/Release/Obj/ASSIGNMENT_P2/nrfx_uarte.o
                0x0000000000002cb0                nrfx_uarte_0_irq_handler
 .text.nrfx_uarte_init
                0x0000000000002dc8      0x184 Output/Release/Obj/ASSIGNMENT_P2/nrfx_uarte.o
                0x0000000000002dc8                nrfx_uarte_init
 .text.nrfx_uarte_uninit
                0x0000000000002f4c      0x120 Output/Release/Obj/ASSIGNMENT_P2/nrfx_uarte.o
                0x0000000000002f4c                nrfx_uarte_uninit
 .text.nrfx_uarte_tx_in_progress
                0x000000000000306c       0x18 Output/Release/Obj/ASSIGNMENT_P2/nrfx_uarte.o
                0x000000000000306c                nrfx_uarte_tx_in_progress
 .text.nrfx_uarte_tx
                0x0000000000003084       0x9c Output/Release/Obj/ASSIGNMENT_P2/nrfx_uarte.o
                0x0000000000003084                nrfx_uarte_tx
 .text.startup.main
                0x0000000000003120      0x1b8 Output/Release/Obj/ASSIGNMENT_P2/main.o
                0x0000000000003120                main
 .text.block_dev_handler
                0x00000000000032d8       0x20 Output/Release/Obj/ASSIGNMENT_P2/diskio_blkdev.o
 .text.default_wait_func
                0x00000000000032f8        0x4 Output/Release/Obj/ASSIGNMENT_P2/diskio_blkdev.o
 .text.disk_initialize
                0x00000000000032fc       0x78 Output/Release/Obj/ASSIGNMENT_P2/diskio_blkdev.o
                0x00000000000032fc                disk_initialize
 .text.disk_status
                0x0000000000003374       0x28 Output/Release/Obj/ASSIGNMENT_P2/diskio_blkdev.o
                0x0000000000003374                disk_status
 .text.disk_read
                0x000000000000339c       0x80 Output/Release/Obj/ASSIGNMENT_P2/diskio_blkdev.o
                0x000000000000339c                disk_read
 .text.disk_write
                0x000000000000341c       0x8c Output/Release/Obj/ASSIGNMENT_P2/diskio_blkdev.o
                0x000000000000341c                disk_write
 .text.disk_ioctl
                0x00000000000034a8       0x98 Output/Release/Obj/ASSIGNMENT_P2/diskio_blkdev.o
                0x00000000000034a8                disk_ioctl
 .text.diskio_blockdev_register
                0x0000000000003540       0x14 Output/Release/Obj/ASSIGNMENT_P2/diskio_blkdev.o
                0x0000000000003540                diskio_blockdev_register
 .text.ld_dword
                0x0000000000003554        0x4 Output/Release/Obj/ASSIGNMENT_P2/ff.o
 .text.st_dword
                0x0000000000003558       0x10 Output/Release/Obj/ASSIGNMENT_P2/ff.o
 .text.mem_set  0x0000000000003568        0xc Output/Release/Obj/ASSIGNMENT_P2/ff.o
 .text.clust2sect
                0x0000000000003574       0x16 Output/Release/Obj/ASSIGNMENT_P2/ff.o
 .text.st_clust
                0x000000000000358a       0x18 Output/Release/Obj/ASSIGNMENT_P2/ff.o
 .text.get_ldnumber
                0x00000000000035a2       0x30 Output/Release/Obj/ASSIGNMENT_P2/ff.o
 .text.validate
                0x00000000000035d2       0x34 Output/Release/Obj/ASSIGNMENT_P2/ff.o
 .text.mem_cpy.part.0
                0x0000000000003606       0x12 Output/Release/Obj/ASSIGNMENT_P2/ff.o
 .text.sync_window.part.0
                0x0000000000003618       0x4c Output/Release/Obj/ASSIGNMENT_P2/ff.o
 .text.sync_window
                0x0000000000003664        0xc Output/Release/Obj/ASSIGNMENT_P2/ff.o
 .text.move_window
                0x0000000000003670       0x32 Output/Release/Obj/ASSIGNMENT_P2/ff.o
 *fill*         0x00000000000036a2        0x2 
 .text.check_fs
                0x00000000000036a4       0x74 Output/Release/Obj/ASSIGNMENT_P2/ff.o
 .text.find_volume
                0x0000000000003718      0x250 Output/Release/Obj/ASSIGNMENT_P2/ff.o
 .text.put_fat  0x0000000000003968       0xfa Output/Release/Obj/ASSIGNMENT_P2/ff.o
 .text.sync_fs  0x0000000000003a62       0x96 Output/Release/Obj/ASSIGNMENT_P2/ff.o
 .text.get_fileinfo.part.0.isra.0
                0x0000000000003af8       0x56 Output/Release/Obj/ASSIGNMENT_P2/ff.o
 .text.ld_clust.isra.0
                0x0000000000003b4e       0x10 Output/Release/Obj/ASSIGNMENT_P2/ff.o
 .text.get_fat.isra.0
                0x0000000000003b5e       0xac Output/Release/Obj/ASSIGNMENT_P2/ff.o
 .text.remove_chain.isra.0
                0x0000000000003c0a       0x6c Output/Release/Obj/ASSIGNMENT_P2/ff.o
 .text.create_chain.isra.0
                0x0000000000003c76       0xa6 Output/Release/Obj/ASSIGNMENT_P2/ff.o
 .text.dir_sdi.constprop.0
                0x0000000000003d1c       0x64 Output/Release/Obj/ASSIGNMENT_P2/ff.o
 .text.dir_next
                0x0000000000003d80       0xea Output/Release/Obj/ASSIGNMENT_P2/ff.o
 *fill*         0x0000000000003e6a        0x2 
 .text.follow_path
                0x0000000000003e6c      0x1b0 Output/Release/Obj/ASSIGNMENT_P2/ff.o
 .text.dir_read.constprop.0
                0x000000000000401c       0x54 Output/Release/Obj/ASSIGNMENT_P2/ff.o
 .text.dir_register
                0x0000000000004070       0x62 Output/Release/Obj/ASSIGNMENT_P2/ff.o
 *fill*         0x00000000000040d2        0x2 
 .text.f_mount  0x00000000000040d4       0x4c Output/Release/Obj/ASSIGNMENT_P2/ff.o
                0x00000000000040d4                f_mount
 .text.f_open   0x0000000000004120      0x1c2 Output/Release/Obj/ASSIGNMENT_P2/ff.o
                0x0000000000004120                f_open
 .text.f_write  0x00000000000042e2      0x182 Output/Release/Obj/ASSIGNMENT_P2/ff.o
                0x00000000000042e2                f_write
 .text.f_sync   0x0000000000004464       0x8e Output/Release/Obj/ASSIGNMENT_P2/ff.o
                0x0000000000004464                f_sync
 .text.f_close  0x00000000000044f2       0x1a Output/Release/Obj/ASSIGNMENT_P2/ff.o
                0x00000000000044f2                f_close
 .text.f_opendir
                0x000000000000450c       0x66 Output/Release/Obj/ASSIGNMENT_P2/ff.o
                0x000000000000450c                f_opendir
 .text.f_readdir
                0x0000000000004572       0x42 Output/Release/Obj/ASSIGNMENT_P2/ff.o
                0x0000000000004572                f_readdir
 .text.nrf52_errata_12
                0x00000000000045b4       0x1c Output/Release/Obj/ASSIGNMENT_P2/system_nrf52.o
 .text.nrf52_errata_16
                0x00000000000045d0       0x28 Output/Release/Obj/ASSIGNMENT_P2/system_nrf52.o
 .text.SystemInit
                0x00000000000045f8      0x280 Output/Release/Obj/ASSIGNMENT_P2/system_nrf52.o
                0x00000000000045f8                SystemInit
 .text.libc.__RAL_ascii_isctype
                0x0000000000004878       0x1c C:/Program Files/SEGGER/SEGGER Embedded Studio for ARM 5.50d/lib/libc_v7em_fpv4_sp_d16_hard_t_le_eabi.a(libc2.o)
 .text.libc.__RAL_ascii_toupper
                0x0000000000004894        0xc C:/Program Files/SEGGER/SEGGER Embedded Studio for ARM 5.50d/lib/libc_v7em_fpv4_sp_d16_hard_t_le_eabi.a(libc2.o)
 .text.libc.__RAL_ascii_tolower
                0x00000000000048a0        0xc C:/Program Files/SEGGER/SEGGER Embedded Studio for ARM 5.50d/lib/libc_v7em_fpv4_sp_d16_hard_t_le_eabi.a(libc2.o)
 .text.libc.__RAL_ascii_iswctype
                0x00000000000048ac       0x1c C:/Program Files/SEGGER/SEGGER Embedded Studio for ARM 5.50d/lib/libc_v7em_fpv4_sp_d16_hard_t_le_eabi.a(libc2.o)
 .text.libc.__RAL_ascii_towupper
                0x00000000000048c8        0xc C:/Program Files/SEGGER/SEGGER Embedded Studio for ARM 5.50d/lib/libc_v7em_fpv4_sp_d16_hard_t_le_eabi.a(libc2.o)
 .text.libc.__RAL_ascii_towlower
                0x00000000000048d4        0xc C:/Program Files/SEGGER/SEGGER Embedded Studio for ARM 5.50d/lib/libc_v7em_fpv4_sp_d16_hard_t_le_eabi.a(libc2.o)
 .text.libc.__RAL_ascii_wctomb
                0x00000000000048e0        0xe C:/Program Files/SEGGER/SEGGER Embedded Studio for ARM 5.50d/lib/libc_v7em_fpv4_sp_d16_hard_t_le_eabi.a(libc2.o)
                0x00000000000048e0                __RAL_ascii_wctomb
 .text.libc.__RAL_ascii_mbtowc
                0x00000000000048ee       0x24 C:/Program Files/SEGGER/SEGGER Embedded Studio for ARM 5.50d/lib/libc_v7em_fpv4_sp_d16_hard_t_le_eabi.a(libc2.o)
                0x00000000000048ee                __RAL_ascii_mbtowc
 *fill*         0x0000000000004912        0x2 
 .text.libc.__RAL_isctype
                0x0000000000004914       0x14 C:/Program Files/SEGGER/SEGGER Embedded Studio for ARM 5.50d/lib/libc_v7em_fpv4_sp_d16_hard_t_le_eabi.a(libc2.o)
                0x0000000000004914                __RAL_isctype
 .text.libc.isprint
                0x0000000000004928        0xa C:/Program Files/SEGGER/SEGGER Embedded Studio for ARM 5.50d/lib/libc_v7em_fpv4_sp_d16_hard_t_le_eabi.a(libc2.o)
                0x0000000000004928                isprint
 .text.libc.memcpy
                0x0000000000004932       0x52 C:/Program Files/SEGGER/SEGGER Embedded Studio for ARM 5.50d/lib/libc_v7em_fpv4_sp_d16_hard_t_le_eabi.a(libc2_asm.o)
                0x0000000000004932                __aeabi_memcpy
                0x0000000000004932                memcpy
                0x000000000000493e                __aeabi_memcpy8
                0x000000000000493e                __aeabi_memcpy4
 .text.libc.strlen
                0x0000000000004984       0x60 C:/Program Files/SEGGER/SEGGER Embedded Studio for ARM 5.50d/lib/libc_v7em_fpv4_sp_d16_hard_t_le_eabi.a(libc2_asm.o)
                0x0000000000004984                strlen
                0x00000000000049e4                __text_end__ = (__text_start__ + SIZEOF (.text))
                0x0000000000004614                __text_size__ = SIZEOF (.text)
                0x00000000000049e4                __text_load_end__ = __text_end__

.vfp11_veneer   0x0000000100000000        0x0
 .vfp11_veneer  0x0000000100000000        0x0 linker stubs

.v4_bx          0x0000000100000000        0x0
 .v4_bx         0x0000000100000000        0x0 linker stubs

.iplt           0x0000000100000000        0x0
 .iplt          0x0000000100000000        0x0 Output/Release/Obj/ASSIGNMENT_P2/thumb_crt0.o
                0x0000000000000001                . = ASSERT (((__text_start__ == __text_end__) || ((__text_end__ - __FLASH_segment_start__) <= __FLASH_segment_size__)), error: .text is too large to fit in FLASH memory segment)
                0x00000000000049e4                __log_const_data_load_start__ = ALIGN (__text_end__, 0x4)

.log_const_data
                0x00000000000049e4       0x28
                0x00000000000049e4                __log_const_data_start__ = .
                0x00000000000049e4                __start_log_const_data = __log_const_data_start__
 *(SORT_BY_NAME(.log_const_data*))
 .log_const_data_PRS
                0x00000000000049e4        0x8 Output/Release/Obj/ASSIGNMENT_P2/nrfx_prs.o
                0x00000000000049e4                m_nrf_log_PRS_logs_data_const
 .log_const_data_SPIM
                0x00000000000049ec        0x8 Output/Release/Obj/ASSIGNMENT_P2/nrfx_spim.o
                0x00000000000049ec                m_nrf_log_SPIM_logs_data_const
 .log_const_data_UART
                0x00000000000049f4        0x8 Output/Release/Obj/ASSIGNMENT_P2/nrfx_uart.o
                0x00000000000049f4                m_nrf_log_UART_logs_data_const
 .log_const_data_UARTE
                0x00000000000049fc        0x8 Output/Release/Obj/ASSIGNMENT_P2/nrfx_uarte.o
                0x00000000000049fc                m_nrf_log_UARTE_logs_data_const
 .log_const_data_app
                0x0000000000004a04        0x8 Output/Release/Obj/ASSIGNMENT_P2/nrf_log_frontend.o
                0x0000000000004a04                m_nrf_log_app_logs_data_const
                0x0000000000004a0c                __log_const_data_end__ = (__log_const_data_start__ + SIZEOF (.log_const_data))
                0x0000000000000028                __log_const_data_size__ = SIZEOF (.log_const_data)
                0x0000000000004a0c                __stop_log_const_data = __log_const_data_end__
                0x0000000000004a0c                __log_const_data_load_end__ = __log_const_data_end__
                0x0000000000000001                . = ASSERT (((__log_const_data_start__ == __log_const_data_end__) || ((__log_const_data_end__ - __FLASH_segment_start__) <= __FLASH_segment_size__)), error: .log_const_data is too large to fit in FLASH memory segment)
                0x0000000000004a0c                __log_backends_load_start__ = ALIGN (__log_const_data_end__, 0x4)

.log_backends   0x0000000000004a0c       0x10
                0x0000000000004a0c                __log_backends_start__ = .
                0x0000000000004a0c                __start_log_backends = __log_backends_start__
 *(SORT_BY_NAME(.log_backends*))
 .log_backends  0x0000000000004a0c       0x10 Output/Release/Obj/ASSIGNMENT_P2/nrf_log_default_backends.o
                0x0000000000004a1c                __log_backends_end__ = (__log_backends_start__ + SIZEOF (.log_backends))
                0x0000000000000010                __log_backends_size__ = SIZEOF (.log_backends)
                0x0000000000004a1c                __stop_log_backends = __log_backends_end__
                0x0000000000004a1c                __log_backends_load_end__ = __log_backends_end__
                0x0000000000000001                . = ASSERT (((__log_backends_start__ == __log_backends_end__) || ((__log_backends_end__ - __FLASH_segment_start__) <= __FLASH_segment_size__)), error: .log_backends is too large to fit in FLASH memory segment)
                0x0000000000004a1c                __nrf_balloc_load_start__ = ALIGN (__log_backends_end__, 0x4)

.nrf_balloc     0x0000000000004a1c       0x14
                0x0000000000004a1c                __nrf_balloc_start__ = .
                0x0000000000004a1c                __start_nrf_balloc = __nrf_balloc_start__
 *(.nrf_balloc*)
 .nrf_balloc    0x0000000000004a1c       0x14 Output/Release/Obj/ASSIGNMENT_P2/nrf_log_frontend.o
                0x0000000000004a1c                log_mempool
                0x0000000000004a30                __nrf_balloc_end__ = (__nrf_balloc_start__ + SIZEOF (.nrf_balloc))
                0x0000000000000014                __nrf_balloc_size__ = SIZEOF (.nrf_balloc)
                0x0000000000004a30                __stop_nrf_balloc = __nrf_balloc_end__
                0x0000000000004a30                __nrf_balloc_load_end__ = __nrf_balloc_end__
                0x0000000000000001                . = ASSERT (((__nrf_balloc_start__ == __nrf_balloc_end__) || ((__nrf_balloc_end__ - __FLASH_segment_start__) <= __FLASH_segment_size__)), error: .nrf_balloc is too large to fit in FLASH memory segment)
                0x0000000000004a30                __nrf_sections_load_start__ = ALIGN (__nrf_balloc_end__, 0x4)

.nrf_sections   0x0000000000004a30        0x0
                0x0000000000004a30                __nrf_sections_start__ = .
                0x0000000000004a30                __start_nrf_sections = __nrf_sections_start__
 *(.nrf_sections .nrf_sections.*)
                0x0000000000004a30                __nrf_sections_end__ = (__nrf_sections_start__ + SIZEOF (.nrf_sections))
                0x0000000000000000                __nrf_sections_size__ = SIZEOF (.nrf_sections)
                0x0000000000004a30                __nrf_sections_load_end__ = __nrf_sections_end__
                0x0000000000000001                . = ASSERT (((__nrf_sections_start__ == __nrf_sections_end__) || ((__nrf_sections_end__ - __FLASH_segment_start__) <= __FLASH_segment_size__)), error: .nrf_sections is too large to fit in FLASH memory segment)
                0x0000000000004a30                __log_dynamic_data_load_start__ = ALIGN (__nrf_sections_end__, 0x4)

.log_dynamic_data
                0x0000000020000000        0x0 load address 0x0000000000004a30
                0x0000000020000000                __log_dynamic_data_start__ = .
 *(SORT_BY_NAME(.log_dynamic_data*))
                0x0000000020000000                __log_dynamic_data_end__ = (__log_dynamic_data_start__ + SIZEOF (.log_dynamic_data))
                0x0000000000000000                __log_dynamic_data_size__ = SIZEOF (.log_dynamic_data)
                0x0000000000004a30                __log_dynamic_data_load_end__ = (__log_dynamic_data_load_start__ + SIZEOF (.log_dynamic_data))
                0x0000000000000001                . = ASSERT (((__log_dynamic_data_load_start__ == __log_dynamic_data_load_end__) || ((__log_dynamic_data_load_end__ - __FLASH_segment_start__) <= __FLASH_segment_size__)), error: .log_dynamic_data is too large to fit in FLASH memory segment)

.log_dynamic_data_run
                0x0000000020000000        0x0
                0x0000000020000000                __log_dynamic_data_run_start__ = .
                0x0000000020000000                __start_log_dynamic_data = __log_dynamic_data_run_start__
                0x0000000020000000                __log_dynamic_data_run_end__ = (__log_dynamic_data_run_start__ + SIZEOF (.log_dynamic_data))
                0x0000000000000000                __log_dynamic_data_run_size__ = (__log_dynamic_data_run_end__ - __log_dynamic_data_run_start__)
                0x0000000020000000                __stop_log_dynamic_data = __log_dynamic_data_run_end__
                0x0000000020000000                __log_dynamic_data_run_load_end__ = __log_dynamic_data_run_end__
                0x0000000000000001                . = ASSERT (((__log_dynamic_data_run_start__ == __log_dynamic_data_run_end__) || ((__log_dynamic_data_run_end__ - __RAM1_segment_start__) <= __RAM1_segment_size__)), error: .log_dynamic_data_run is too large to fit in RAM1 memory segment)
                0x0000000000004a30                __log_filter_data_load_start__ = ALIGN ((__log_dynamic_data_load_start__ + SIZEOF (.log_dynamic_data)), 0x4)

.log_filter_data
                0x0000000020000000        0x0 load address 0x0000000000004a30
                0x0000000020000000                __log_filter_data_start__ = .
 *(SORT_BY_NAME(.log_filter_data*))
                0x0000000020000000                __log_filter_data_end__ = (__log_filter_data_start__ + SIZEOF (.log_filter_data))
                0x0000000000000000                __log_filter_data_size__ = SIZEOF (.log_filter_data)
                0x0000000000004a30                __log_filter_data_load_end__ = (__log_filter_data_load_start__ + SIZEOF (.log_filter_data))
                0x0000000000000001                . = ASSERT (((__log_filter_data_load_start__ == __log_filter_data_load_end__) || ((__log_filter_data_load_end__ - __FLASH_segment_start__) <= __FLASH_segment_size__)), error: .log_filter_data is too large to fit in FLASH memory segment)

.log_filter_data_run
                0x0000000020000000        0x0
                0x0000000020000000                __log_filter_data_run_start__ = .
                0x0000000020000000                __start_log_filter_data = __log_filter_data_run_start__
                0x0000000020000000                __log_filter_data_run_end__ = (__log_filter_data_run_start__ + SIZEOF (.log_filter_data))
                0x0000000000000000                __log_filter_data_run_size__ = (__log_filter_data_run_end__ - __log_filter_data_run_start__)
                0x0000000020000000                __stop_log_filter_data = __log_filter_data_run_end__
                0x0000000020000000                __log_filter_data_run_load_end__ = __log_filter_data_run_end__
                0x0000000000000001                . = ASSERT (((__log_filter_data_run_start__ == __log_filter_data_run_end__) || ((__log_filter_data_run_end__ - __RAM1_segment_start__) <= __RAM1_segment_size__)), error: .log_filter_data_run is too large to fit in RAM1 memory segment)
                0x0000000020000000                __nrf_sections_run_end_load_start__ = ALIGN (__log_filter_data_run_end__, 0x4)

.nrf_sections_run_end
                0x0000000020000000        0x0
                0x0000000020000000                __nrf_sections_run_end_start__ = .
                0x0000000020000000                __end_nrf_sections_run = __nrf_sections_run_end_start__
 *(.nrf_sections_run_end .nrf_sections_run_end.*)
                0x0000000020000000                __nrf_sections_run_end_end__ = (__nrf_sections_run_end_start__ + SIZEOF (.nrf_sections_run_end))
                0x0000000000000000                __nrf_sections_run_end_size__ = SIZEOF (.nrf_sections_run_end)
                0x0000000020000000                __nrf_sections_run_end_load_end__ = __nrf_sections_run_end_end__
                0x0000000000000001                . = ASSERT (((__nrf_sections_run_end_start__ == __nrf_sections_run_end_end__) || ((__nrf_sections_run_end_end__ - __RAM1_segment_start__) <= __RAM1_segment_size__)), error: .nrf_sections_run_end is too large to fit in RAM1 memory segment)
                0x0000000000004a30                __dtors_load_start__ = ALIGN ((__log_filter_data_load_start__ + SIZEOF (.log_filter_data)), 0x4)

.dtors          0x0000000000004a30        0x0
                0x0000000000004a30                __dtors_start__ = .
 *(SORT_BY_NAME(.dtors.*))
 *(.dtors)
 *(.fini_array)
 *(SORT_BY_NAME(.fini_array.*))
                0x0000000000004a30                __dtors_end__ = (__dtors_start__ + SIZEOF (.dtors))
                0x0000000000000000                __dtors_size__ = SIZEOF (.dtors)
                0x0000000000004a30                __dtors_load_end__ = __dtors_end__
                0x0000000000000001                . = ASSERT (((__dtors_start__ == __dtors_end__) || ((__dtors_end__ - __FLASH_segment_start__) <= __FLASH_segment_size__)), error: .dtors is too large to fit in FLASH memory segment)
                0x0000000000004a30                __ctors_load_start__ = ALIGN (__dtors_end__, 0x4)

.ctors          0x0000000000004a30        0x0
                0x0000000000004a30                __ctors_start__ = .
 *(SORT_BY_NAME(.ctors.*))
 *(.ctors)
 *(.init_array)
 *(SORT_BY_NAME(.init_array.*))
                0x0000000000004a30                __ctors_end__ = (__ctors_start__ + SIZEOF (.ctors))
                0x0000000000000000                __ctors_size__ = SIZEOF (.ctors)
                0x0000000000004a30                __ctors_load_end__ = __ctors_end__
                0x0000000000000001                . = ASSERT (((__ctors_start__ == __ctors_end__) || ((__ctors_end__ - __FLASH_segment_start__) <= __FLASH_segment_size__)), error: .ctors is too large to fit in FLASH memory segment)
                0x0000000000004a30                __rodata_load_start__ = ALIGN (__ctors_end__, 0x4)

.rodata         0x0000000000004a30      0x58e
                0x0000000000004a30                __rodata_start__ = .
 *(.rodata .rodata.* .gnu.linkonce.r.*)
 .rodata.str1.1
                0x0000000000004a30       0x11 Output/Release/Obj/ASSIGNMENT_P2/nrf_log_default_backends.o
 .rodata.nrf_log_frontend_dequeue.str1.1
                0x0000000000004a41       0x11 Output/Release/Obj/ASSIGNMENT_P2/nrf_log_frontend.o
 .rodata.str1.1
                0x0000000000004a52        0x4 Output/Release/Obj/ASSIGNMENT_P2/nrf_log_frontend.o
 *fill*         0x0000000000004a56        0x2 
 .rodata.m_log_push_ringbuf
                0x0000000000004a58        0xc Output/Release/Obj/ASSIGNMENT_P2/nrf_log_frontend.o
 .rodata.prefix_process.str1.1
                0x0000000000004a64       0x2f Output/Release/Obj/ASSIGNMENT_P2/nrf_log_str_formatter.o
                                         0x32 (size before relaxing)
 .rodata.postfix_process.str1.1
                0x0000000000004a93       0x2f Output/Release/Obj/ASSIGNMENT_P2/nrf_log_str_formatter.o
                                          0x3 (size before relaxing)
 .rodata.nrf_log_hexdump_entry_process.str1.1
                0x0000000000004a93        0xf Output/Release/Obj/ASSIGNMENT_P2/nrf_log_str_formatter.o
                                         0x11 (size before relaxing)
 .rodata.str1.1
                0x0000000000004aa2       0x4b Output/Release/Obj/ASSIGNMENT_P2/nrf_log_str_formatter.o
                                         0x51 (size before relaxing)
 *fill*         0x0000000000004aed        0x3 
 .rodata.m_colors
                0x0000000000004af0       0x24 Output/Release/Obj/ASSIGNMENT_P2/nrf_log_str_formatter.o
 .rodata.severity_names
                0x0000000000004b14       0x14 Output/Release/Obj/ASSIGNMENT_P2/nrf_log_str_formatter.o
 .rodata        0x0000000000004b28       0x20 Output/Release/Obj/ASSIGNMENT_P2/nrf_log_backend_uart.o
 .rodata.nrf_log_backend_uart_api
                0x0000000000004b48        0xc Output/Release/Obj/ASSIGNMENT_P2/nrf_log_backend_uart.o
                0x0000000000004b48                nrf_log_backend_uart_api
 .rodata.m_board_led_list
                0x0000000000004b54        0x4 Output/Release/Obj/ASSIGNMENT_P2/boards.o
 .rodata.app_error_fault_handler.str1.1
                0x0000000000004b58       0x19 Output/Release/Obj/ASSIGNMENT_P2/app_error_weak.o
 *fill*         0x0000000000004b71        0x3 
 .rodata.m_spi  0x0000000000004b74       0x10 Output/Release/Obj/ASSIGNMENT_P2/app_sdcard.o
 .rodata.nrf_block_device_sdc_ops
                0x0000000000004b84       0x18 Output/Release/Obj/ASSIGNMENT_P2/nrf_block_dev_sdc.o
                0x0000000000004b84                nrf_block_device_sdc_ops
 .rodata._aV2C.0
                0x0000000000004b9c       0x10 Output/Release/Obj/ASSIGNMENT_P2/nrf_fprintf_format.o
 .rodata        0x0000000000004bac       0x10 Output/Release/Obj/ASSIGNMENT_P2/nrf_drv_spi.o
 .rodata.str1.1
                0x0000000000004bbc        0x4 Output/Release/Obj/ASSIGNMENT_P2/nrfx_prs.o
 .rodata.str1.1
                0x0000000000004bc0        0x5 Output/Release/Obj/ASSIGNMENT_P2/nrfx_spim.o
 .rodata.str1.1
                0x0000000000004bc5        0x5 Output/Release/Obj/ASSIGNMENT_P2/nrfx_uart.o
 .rodata.str1.1
                0x0000000000004bca        0x6 Output/Release/Obj/ASSIGNMENT_P2/nrfx_uarte.o
 .rodata.main.str1.1
                0x0000000000004bd0      0x168 Output/Release/Obj/ASSIGNMENT_P2/main.o
                                        0x16b (size before relaxing)
 .rodata.str1.1
                0x0000000000004d38       0x10 Output/Release/Obj/ASSIGNMENT_P2/main.o
 .rodata.m_block_dev_sdc
                0x0000000000004d48       0x1c Output/Release/Obj/ASSIGNMENT_P2/main.o
 .rodata.follow_path.str1.1
                0x0000000000004d64        0xf Output/Release/Obj/ASSIGNMENT_P2/ff.o
 .rodata.CSWTCH.15
                0x0000000000004d73        0x4 Output/Release/Obj/ASSIGNMENT_P2/system_nrf52.o
 .rodata.CSWTCH.19
                0x0000000000004d77        0x4 Output/Release/Obj/ASSIGNMENT_P2/system_nrf52.o
 .rodata.CSWTCH.5
                0x0000000000004d7b        0x4 Output/Release/Obj/ASSIGNMENT_P2/system_nrf52.o
 *fill*         0x0000000000004d7f        0x1 
 .rodata.libc.__RAL_find_locale.str1.4
                0x0000000000004d80        0xa C:/Program Files/SEGGER/SEGGER Embedded Studio for ARM 5.50d/lib/libc_v7em_fpv4_sp_d16_hard_t_le_eabi.a(libc2.o)
 *fill*         0x0000000000004d8a        0x2 
 .rodata.libc.__RAL_ascii_ctype_map
                0x0000000000004d8c       0x80 C:/Program Files/SEGGER/SEGGER Embedded Studio for ARM 5.50d/lib/libc_v7em_fpv4_sp_d16_hard_t_le_eabi.a(libc2.o)
                0x0000000000004d8c                __RAL_ascii_ctype_map
 .rodata.libc.__RAL_ascii_ctype_mask
                0x0000000000004e0c        0xd C:/Program Files/SEGGER/SEGGER Embedded Studio for ARM 5.50d/lib/libc_v7em_fpv4_sp_d16_hard_t_le_eabi.a(libc2.o)
 *fill*         0x0000000000004e19        0x3 
 .rodata.libc.__RAL_c_locale
                0x0000000000004e1c        0xc C:/Program Files/SEGGER/SEGGER Embedded Studio for ARM 5.50d/lib/libc_v7em_fpv4_sp_d16_hard_t_le_eabi.a(libc2.o)
                0x0000000000004e1c                __RAL_c_locale
 .rodata.libc.__RAL_c_locale_abbrev_day_names
                0x0000000000004e28       0x1d C:/Program Files/SEGGER/SEGGER Embedded Studio for ARM 5.50d/lib/libc_v7em_fpv4_sp_d16_hard_t_le_eabi.a(libc2.o)
                0x0000000000004e28                __RAL_c_locale_abbrev_day_names
 *fill*         0x0000000000004e45        0x3 
 .rodata.libc.__RAL_c_locale_abbrev_month_names
                0x0000000000004e48       0x31 C:/Program Files/SEGGER/SEGGER Embedded Studio for ARM 5.50d/lib/libc_v7em_fpv4_sp_d16_hard_t_le_eabi.a(libc2.o)
                0x0000000000004e48                __RAL_c_locale_abbrev_month_names
 *fill*         0x0000000000004e79        0x3 
 .rodata.libc.__RAL_c_locale_am_pm_indicator
                0x0000000000004e7c        0x7 C:/Program Files/SEGGER/SEGGER Embedded Studio for ARM 5.50d/lib/libc_v7em_fpv4_sp_d16_hard_t_le_eabi.a(libc2.o)
                0x0000000000004e7c                __RAL_c_locale_am_pm_indicator
 *fill*         0x0000000000004e83        0x1 
 .rodata.libc.__RAL_c_locale_data
                0x0000000000004e84       0x58 C:/Program Files/SEGGER/SEGGER Embedded Studio for ARM 5.50d/lib/libc_v7em_fpv4_sp_d16_hard_t_le_eabi.a(libc2.o)
                0x0000000000004e84                __RAL_c_locale_data
 .rodata.libc.__RAL_c_locale_date_format
                0x0000000000004edc        0x9 C:/Program Files/SEGGER/SEGGER Embedded Studio for ARM 5.50d/lib/libc_v7em_fpv4_sp_d16_hard_t_le_eabi.a(libc2.o)
                0x0000000000004edc                __RAL_c_locale_date_format
 *fill*         0x0000000000004ee5        0x3 
 .rodata.libc.__RAL_c_locale_date_time_format
                0x0000000000004ee8        0xf C:/Program Files/SEGGER/SEGGER Embedded Studio for ARM 5.50d/lib/libc_v7em_fpv4_sp_d16_hard_t_le_eabi.a(libc2.o)
                0x0000000000004ee8                __RAL_c_locale_date_time_format
 *fill*         0x0000000000004ef7        0x1 
 .rodata.libc.__RAL_c_locale_day_names
                0x0000000000004ef8       0x3a C:/Program Files/SEGGER/SEGGER Embedded Studio for ARM 5.50d/lib/libc_v7em_fpv4_sp_d16_hard_t_le_eabi.a(libc2.o)
                0x0000000000004ef8                __RAL_c_locale_day_names
 *fill*         0x0000000000004f32        0x2 
 .rodata.libc.__RAL_c_locale_month_names
                0x0000000000004f34       0x57 C:/Program Files/SEGGER/SEGGER Embedded Studio for ARM 5.50d/lib/libc_v7em_fpv4_sp_d16_hard_t_le_eabi.a(libc2.o)
                0x0000000000004f34                __RAL_c_locale_month_names
 *fill*         0x0000000000004f8b        0x1 
 .rodata.libc.__RAL_c_locale_time_format
                0x0000000000004f8c        0x9 C:/Program Files/SEGGER/SEGGER Embedded Studio for ARM 5.50d/lib/libc_v7em_fpv4_sp_d16_hard_t_le_eabi.a(libc2.o)
                0x0000000000004f8c                __RAL_c_locale_time_format
 *fill*         0x0000000000004f95        0x3 
 .rodata.libc.__RAL_codeset_ascii
                0x0000000000004f98       0x20 C:/Program Files/SEGGER/SEGGER Embedded Studio for ARM 5.50d/lib/libc_v7em_fpv4_sp_d16_hard_t_le_eabi.a(libc2.o)
                0x0000000000004f98                __RAL_codeset_ascii
 .rodata.libc.__RAL_data_empty_string
                0x0000000000004fb8        0x1 C:/Program Files/SEGGER/SEGGER Embedded Studio for ARM 5.50d/lib/libc_v7em_fpv4_sp_d16_hard_t_le_eabi.a(libc2.o)
                0x0000000000004fb8                __RAL_data_empty_string
 *fill*         0x0000000000004fb9        0x3 
 .rodata.libc.__RAL_data_utf8_period
                0x0000000000004fbc        0x2 C:/Program Files/SEGGER/SEGGER Embedded Studio for ARM 5.50d/lib/libc_v7em_fpv4_sp_d16_hard_t_le_eabi.a(libc2.o)
                0x0000000000004fbc                __RAL_data_utf8_period
                0x0000000000004fbe                __rodata_end__ = (__rodata_start__ + SIZEOF (.rodata))
                0x000000000000058e                __rodata_size__ = SIZEOF (.rodata)
                0x0000000000004fbe                __rodata_load_end__ = __rodata_end__

.rel.dyn        0x0000000000004fc0        0x0
 .rel.iplt      0x0000000000004fc0        0x0 Output/Release/Obj/ASSIGNMENT_P2/thumb_crt0.o
                0x0000000000000001                . = ASSERT (((__rodata_start__ == __rodata_end__) || ((__rodata_end__ - __FLASH_segment_start__) <= __FLASH_segment_size__)), error: .rodata is too large to fit in FLASH memory segment)
                0x0000000000004fc0                __ARM.exidx_load_start__ = ALIGN (__rodata_end__, 0x4)

.ARM.exidx      0x0000000000004fc0        0x0
                0x0000000000004fc0                __ARM.exidx_start__ = .
                0x0000000000004fc0                __exidx_start = __ARM.exidx_start__
 *(.ARM.exidx .ARM.exidx.*)
                0x0000000000004fc0                __ARM.exidx_end__ = (__ARM.exidx_start__ + SIZEOF (.ARM.exidx))
                0x0000000000000000                __ARM.exidx_size__ = SIZEOF (.ARM.exidx)
                0x0000000000004fc0                __exidx_end = __ARM.exidx_end__
                0x0000000000004fc0                __ARM.exidx_load_end__ = __ARM.exidx_end__
                0x0000000000000001                . = ASSERT (((__ARM.exidx_start__ == __ARM.exidx_end__) || ((__ARM.exidx_end__ - __FLASH_segment_start__) <= __FLASH_segment_size__)), error: .ARM.exidx is too large to fit in FLASH memory segment)
                0x0000000000004fc0                __fast_load_start__ = ALIGN (__ARM.exidx_end__, 0x4)

.fast           0x0000000020000000        0x0 load address 0x0000000000004fc0
                0x0000000020000000                __fast_start__ = .
 *(.fast .fast.*)
                0x0000000020000000                __fast_end__ = (__fast_start__ + SIZEOF (.fast))
                0x0000000000000000                __fast_size__ = SIZEOF (.fast)
                0x0000000000004fc0                __fast_load_end__ = (__fast_load_start__ + SIZEOF (.fast))
                0x0000000000000001                . = ASSERT (((__fast_load_start__ == __fast_load_end__) || ((__fast_load_end__ - __FLASH_segment_start__) <= __FLASH_segment_size__)), error: .fast is too large to fit in FLASH memory segment)

.fast_run       0x0000000020000000        0x0
                0x0000000020000000                __fast_run_start__ = .
                0x0000000020000000                __fast_run_end__ = (__fast_run_start__ + SIZEOF (.fast))
                0x0000000000000000                __fast_run_size__ = (__fast_run_end__ - __fast_run_start__)
                0x0000000020000000                __fast_run_load_end__ = __fast_run_end__
                0x0000000000000001                . = ASSERT (((__fast_run_start__ == __fast_run_end__) || ((__fast_run_end__ - __RAM1_segment_start__) <= __RAM1_segment_size__)), error: .fast_run is too large to fit in RAM1 memory segment)
                0x0000000000004fc0                __data_load_start__ = ALIGN ((__fast_load_start__ + SIZEOF (.fast)), 0x4)

.data           0x0000000020000000       0x40 load address 0x0000000000004fc0
                0x0000000020000000                __data_start__ = .
 *(.data .data.* .gnu.linkonce.d.*)
 .data.log_backend_cb_uart_log_backend
                0x0000000020000000        0x8 Output/Release/Obj/ASSIGNMENT_P2/nrf_log_default_backends.o
 .data.m_uart   0x0000000020000008       0x14 Output/Release/Obj/ASSIGNMENT_P2/nrf_log_backend_uart.o
                0x0000000020000008                m_uart
 .data.drives.4
                0x000000002000001c        0xc Output/Release/Obj/ASSIGNMENT_P2/main.o
 .data.SystemCoreClock
                0x0000000020000028        0x4 Output/Release/Obj/ASSIGNMENT_P2/system_nrf52.o
                0x0000000020000028                SystemCoreClock
 .data.libc.__RAL_global_locale
                0x000000002000002c       0x14 C:/Program Files/SEGGER/SEGGER Embedded Studio for ARM 5.50d/lib/libc_v7em_fpv4_sp_d16_hard_t_le_eabi.a(libc2.o)
                0x000000002000002c                __RAL_global_locale
                0x0000000020000040                __data_end__ = (__data_start__ + SIZEOF (.data))
                0x0000000000000040                __data_size__ = SIZEOF (.data)
                0x0000000000005000                __data_load_end__ = (__data_load_start__ + SIZEOF (.data))

.igot.plt       0x0000000100000000        0x0
 .igot.plt      0x0000000100000000        0x0 Output/Release/Obj/ASSIGNMENT_P2/thumb_crt0.o
                0x0000000000000001                . = ASSERT (((__data_load_start__ == __data_load_end__) || ((__data_load_end__ - __FLASH_segment_start__) <= __FLASH_segment_size__)), error: .data is too large to fit in FLASH memory segment)

.data_run       0x0000000020000000        0x0
                0x0000000020000000                __data_run_start__ = .
                0x0000000020000040                __data_run_end__ = (__data_run_start__ + SIZEOF (.data))
                0x0000000000000040                __data_run_size__ = (__data_run_end__ - __data_run_start__)
                0x0000000020000040                __data_run_load_end__ = __data_run_end__
                0x0000000000000001                . = ASSERT (((__data_run_start__ == __data_run_end__) || ((__data_run_end__ - __RAM1_segment_start__) <= __RAM1_segment_size__)), error: .data_run is too large to fit in RAM1 memory segment)
                0x0000000000005000                __tdata_load_start__ = ALIGN ((__data_load_start__ + SIZEOF (.data)), 0x4)

.tdata          0x0000000020000040        0x0 load address 0x0000000000005000
                0x0000000020000040                __tdata_start__ = .
 *(.tdata .tdata.*)
                0x0000000020000040                __tdata_end__ = (__tdata_start__ + SIZEOF (.tdata))
                0x0000000000000000                __tdata_size__ = SIZEOF (.tdata)
                0x0000000000005000                __tdata_load_end__ = (__tdata_load_start__ + SIZEOF (.tdata))
                0x0000000000005000                __FLASH_segment_used_end__ = (ALIGN ((__data_load_start__ + SIZEOF (.data)), 0x4) + SIZEOF (.tdata))
                0x0000000000005000                __FLASH_segment_used_size__ = (__FLASH_segment_used_end__ - __FLASH_segment_start__)
                0x0000000000000001                . = ASSERT (((__tdata_load_start__ == __tdata_load_end__) || ((__tdata_load_end__ - __FLASH_segment_start__) <= __FLASH_segment_size__)), error: .tdata is too large to fit in FLASH memory segment)

.tdata_run      0x0000000020000040        0x0
                0x0000000020000040                __tdata_run_start__ = .
                0x0000000020000040                __tdata_run_end__ = (__tdata_run_start__ + SIZEOF (.tdata))
                0x0000000000000000                __tdata_run_size__ = (__tdata_run_end__ - __tdata_run_start__)
                0x0000000020000040                __tdata_run_load_end__ = __tdata_run_end__
                0x0000000000000001                . = ASSERT (((__tdata_run_start__ == __tdata_run_end__) || ((__tdata_run_end__ - __RAM1_segment_start__) <= __RAM1_segment_size__)), error: .tdata_run is too large to fit in RAM1 memory segment)
                0x0000000020000040                __bss_load_start__ = ALIGN (__tdata_run_end__, 0x4)

.bss            0x0000000020000040      0xb9a
                0x0000000020000040                __bss_start__ = .
 *(.bss .bss.* .gnu.linkonce.b.*)
 .bss.log_mempool_nrf_balloc_cb
                0x0000000020000040        0x8 Output/Release/Obj/ASSIGNMENT_P2/nrf_log_frontend.o
 .bss.log_mempool_nrf_balloc_pool_mem
                0x0000000020000048       0xc0 Output/Release/Obj/ASSIGNMENT_P2/nrf_log_frontend.o
 .bss.log_mempool_nrf_balloc_pool_stack
                0x0000000020000108        0x8 Output/Release/Obj/ASSIGNMENT_P2/nrf_log_frontend.o
 .bss.m_log_data
                0x0000000020000110      0x420 Output/Release/Obj/ASSIGNMENT_P2/nrf_log_frontend.o
 .bss.m_log_push_ringbuf_buf
                0x0000000020000530       0x80 Output/Release/Obj/ASSIGNMENT_P2/nrf_log_frontend.o
 .bss.m_log_push_ringbuf_cb
                0x00000000200005b0       0x18 Output/Release/Obj/ASSIGNMENT_P2/nrf_log_frontend.o
 .bss.m_async_mode
                0x00000000200005c8        0x1 Output/Release/Obj/ASSIGNMENT_P2/nrf_log_backend_uart.o
 .bss.m_string_buff
                0x00000000200005c9       0x40 Output/Release/Obj/ASSIGNMENT_P2/nrf_log_backend_uart.o
 .bss.m_xfer_done
                0x0000000020000609        0x1 Output/Release/Obj/ASSIGNMENT_P2/nrf_log_backend_uart.o
 *fill*         0x000000002000060a        0x2 
 .bss.m_cb      0x000000002000060c       0x5c Output/Release/Obj/ASSIGNMENT_P2/app_sdcard.o
 .bss.m_in_critical_region
                0x0000000020000668        0x4 Output/Release/Obj/ASSIGNMENT_P2/app_util_platform.o
 .bss.m_active_sdc_dev
                0x000000002000066c        0x4 Output/Release/Obj/ASSIGNMENT_P2/nrf_block_dev_sdc.o
 .bss.m_last_result
                0x0000000020000670        0x1 Output/Release/Obj/ASSIGNMENT_P2/nrf_block_dev_sdc.o
 *fill*         0x0000000020000671        0x3 
 .bss.m_contexts
                0x0000000020000674        0xc Output/Release/Obj/ASSIGNMENT_P2/nrf_drv_spi.o
 .bss.m_handlers
                0x0000000020000680        0xc Output/Release/Obj/ASSIGNMENT_P2/nrf_drv_spi.o
 .bss.m_contexts
                0x000000002000068c        0x4 Output/Release/Obj/ASSIGNMENT_P2/nrf_drv_uart.o
 .bss.m_handlers
                0x0000000020000690        0x4 Output/Release/Obj/ASSIGNMENT_P2/nrf_drv_uart.o
 .bss.nrf_drv_uart_use_easy_dma
                0x0000000020000694        0x1 Output/Release/Obj/ASSIGNMENT_P2/nrf_drv_uart.o
                0x0000000020000694                nrf_drv_uart_use_easy_dma
 *fill*         0x0000000020000695        0x3 
 .bss.m_prs_box_4
                0x0000000020000698        0x8 Output/Release/Obj/ASSIGNMENT_P2/nrfx_prs.o
 .bss.m_cb      0x00000000200006a0       0x24 Output/Release/Obj/ASSIGNMENT_P2/nrfx_spim.o
 .bss.m_cb      0x00000000200006c4       0x2c Output/Release/Obj/ASSIGNMENT_P2/nrfx_uart.o
 .bss.m_cb      0x00000000200006f0       0x24 Output/Release/Obj/ASSIGNMENT_P2/nrfx_uarte.o
 .bss.dir.2     0x0000000020000714       0x2c Output/Release/Obj/ASSIGNMENT_P2/main.o
 .bss.file.0    0x0000000020000740      0x228 Output/Release/Obj/ASSIGNMENT_P2/main.o
 .bss.fno.1     0x0000000020000968       0x18 Output/Release/Obj/ASSIGNMENT_P2/main.o
 .bss.fs.3      0x0000000020000980      0x230 Output/Release/Obj/ASSIGNMENT_P2/main.o
 .bss.m_block_dev_sdc_work
                0x0000000020000bb0       0x1c Output/Release/Obj/ASSIGNMENT_P2/main.o
 .bss.m_drives  0x0000000020000bcc        0x4 Output/Release/Obj/ASSIGNMENT_P2/diskio_blkdev.o
 .bss.m_drives_count
                0x0000000020000bd0        0x1 Output/Release/Obj/ASSIGNMENT_P2/diskio_blkdev.o
 *fill*         0x0000000020000bd1        0x3 
 .bss.FatFs     0x0000000020000bd4        0x4 Output/Release/Obj/ASSIGNMENT_P2/ff.o
 .bss.Fsid      0x0000000020000bd8        0x2 Output/Release/Obj/ASSIGNMENT_P2/ff.o
 *(COMMON)
                0x0000000020000bda                __bss_end__ = (__bss_start__ + SIZEOF (.bss))
                0x0000000000000b9a                __bss_size__ = SIZEOF (.bss)
                0x0000000020000bda                __bss_load_end__ = __bss_end__
                0x0000000000000001                . = ASSERT (((__bss_start__ == __bss_end__) || ((__bss_end__ - __RAM1_segment_start__) <= __RAM1_segment_size__)), error: .bss is too large to fit in RAM1 memory segment)
                0x0000000020000bdc                __tbss_load_start__ = ALIGN (__bss_end__, 0x4)

.tbss           0x0000000020000bdc        0x0
                0x0000000020000bdc                __tbss_start__ = .
 *(.tbss .tbss.*)
                0x0000000020000bdc                __tbss_end__ = (__tbss_start__ + SIZEOF (.tbss))
                0x0000000000000000                __tbss_size__ = SIZEOF (.tbss)
                0x0000000020000bdc                __tbss_load_end__ = __tbss_end__
                0x0000000000000001                . = ASSERT (((__tbss_start__ == __tbss_end__) || ((__tbss_end__ - __RAM1_segment_start__) <= __RAM1_segment_size__)), error: .tbss is too large to fit in RAM1 memory segment)
                0x0000000020000bdc                __non_init_load_start__ = ALIGN (__tbss_end__, 0x4)

.non_init       0x0000000020000bdc        0x0
                0x0000000020000bdc                __non_init_start__ = .
 *(.non_init .non_init.*)
                0x0000000020000bdc                __non_init_end__ = (__non_init_start__ + SIZEOF (.non_init))
                0x0000000000000000                __non_init_size__ = SIZEOF (.non_init)
                0x0000000020000bdc                __non_init_load_end__ = __non_init_end__
                0x0000000000000001                . = ASSERT (((__non_init_start__ == __non_init_end__) || ((__non_init_end__ - __RAM1_segment_start__) <= __RAM1_segment_size__)), error: .non_init is too large to fit in RAM1 memory segment)
                0x0000000020000bdc                __heap_load_start__ = ALIGN (__non_init_end__, 0x4)

.heap           0x0000000020000bdc     0x2000
                0x0000000020000bdc                __heap_start__ = .
 *(.heap .heap.*)
                0x0000000020002bdc                . = ALIGN (MAX ((__heap_start__ + __HEAPSIZE__), .), 0x4)
 *fill*         0x0000000020000bdc     0x2000 
                0x0000000020002bdc                __heap_end__ = (__heap_start__ + SIZEOF (.heap))
                0x0000000000002000                __heap_size__ = SIZEOF (.heap)
                0x0000000020002bdc                __heap_load_end__ = __heap_end__
                0x0000000000000001                . = ASSERT (((__heap_start__ == __heap_end__) || ((__heap_end__ - __RAM1_segment_start__) <= __RAM1_segment_size__)), error: .heap is too large to fit in RAM1 memory segment)
                0x000000002000e000                __stack_load_start__ = (__RAM1_segment_start__ + (__RAM1_segment_size__ - 0x2000))

.stack          0x000000002000e000     0x2000
                0x000000002000e000                __stack_start__ = .
                0x000000002000e000                __StackLimit = __stack_start__
 *(.stack .stack.*)
                0x0000000020010000                . = ALIGN (MAX ((__stack_start__ + __STACKSIZE__), .), 0x8)
 *fill*         0x000000002000e000     0x2000 
                0x0000000020010000                __stack_end__ = (__stack_start__ + SIZEOF (.stack))
                0x0000000000002000                __stack_size__ = SIZEOF (.stack)
                0x0000000020010000                __StackTop = __stack_end__
                0x0000000020010000                __stack_load_end__ = __stack_end__
                0x0000000000000001                . = ASSERT (((__stack_start__ == __stack_end__) || ((__stack_end__ - __RAM1_segment_start__) <= __RAM1_segment_size__)), error: .stack is too large to fit in RAM1 memory segment)
                0x0000000000000001                . = ASSERT ((__heap_end__ <= __stack_start__), error: section .heap overlaps absolute placed section .stack)
                0x0000000020010000                __stack_process_load_start__ = ALIGN (__stack_end__, 0x8)

.stack_process  0x0000000020010000        0x0
                0x0000000020010000                __stack_process_start__ = .
 *(.stack_process .stack_process.*)
                0x0000000020010000                . = ALIGN (MAX ((__stack_process_start__ + __STACKSIZE_PROCESS__), .), 0x8)
                0x0000000020010000                __stack_process_end__ = (__stack_process_start__ + SIZEOF (.stack_process))
                0x0000000000000000                __stack_process_size__ = SIZEOF (.stack_process)
                0x0000000020010000                __stack_process_load_end__ = __stack_process_end__
                0x0000000020010000                __RAM1_segment_used_end__ = (ALIGN (__stack_end__, 0x8) + SIZEOF (.stack_process))
                0x0000000000010000                __RAM1_segment_used_size__ = (__RAM1_segment_used_end__ - __RAM1_segment_start__)
                0x0000000000000001                . = ASSERT (((__stack_process_start__ == __stack_process_end__) || ((__stack_process_end__ - __RAM1_segment_start__) <= __RAM1_segment_size__)), error: .stack_process is too large to fit in RAM1 memory segment)
START GROUP
LOAD Output/Release/Obj/ASSIGNMENT_P2/thumb_crt0.o
LOAD Output/Release/Obj/ASSIGNMENT_P2/nrf_log_backend_rtt.o
LOAD Output/Release/Obj/ASSIGNMENT_P2/nrf_log_backend_serial.o
LOAD Output/Release/Obj/ASSIGNMENT_P2/nrf_log_default_backends.o
LOAD Output/Release/Obj/ASSIGNMENT_P2/nrf_log_frontend.o
LOAD Output/Release/Obj/ASSIGNMENT_P2/nrf_log_str_formatter.o
LOAD Output/Release/Obj/ASSIGNMENT_P2/nrf_log_backend_uart.o
LOAD Output/Release/Obj/ASSIGNMENT_P2/boards.o
LOAD Output/Release/Obj/ASSIGNMENT_P2/app_error.o
LOAD Output/Release/Obj/ASSIGNMENT_P2/app_error_handler_gcc.o
LOAD Output/Release/Obj/ASSIGNMENT_P2/app_error_weak.o
LOAD Output/Release/Obj/ASSIGNMENT_P2/app_fifo.o
LOAD Output/Release/Obj/ASSIGNMENT_P2/app_sdcard.o
LOAD Output/Release/Obj/ASSIGNMENT_P2/app_uart_fifo.o
LOAD Output/Release/Obj/ASSIGNMENT_P2/app_util_platform.o
LOAD Output/Release/Obj/ASSIGNMENT_P2/nrf_assert.o
LOAD Output/Release/Obj/ASSIGNMENT_P2/nrf_atomic.o
LOAD Output/Release/Obj/ASSIGNMENT_P2/nrf_balloc.o
LOAD Output/Release/Obj/ASSIGNMENT_P2/nrf_block_dev_sdc.o
LOAD Output/Release/Obj/ASSIGNMENT_P2/nrf_fprintf.o
LOAD Output/Release/Obj/ASSIGNMENT_P2/nrf_fprintf_format.o
LOAD Output/Release/Obj/ASSIGNMENT_P2/nrf_memobj.o
LOAD Output/Release/Obj/ASSIGNMENT_P2/nrf_ringbuf.o
LOAD Output/Release/Obj/ASSIGNMENT_P2/nrf_strerror.o
LOAD Output/Release/Obj/ASSIGNMENT_P2/nrf_drv_spi.o
LOAD Output/Release/Obj/ASSIGNMENT_P2/nrf_drv_uart.o
LOAD Output/Release/Obj/ASSIGNMENT_P2/nrfx_atomic.o
LOAD Output/Release/Obj/ASSIGNMENT_P2/nrfx_prs.o
LOAD Output/Release/Obj/ASSIGNMENT_P2/nrfx_spi.o
LOAD Output/Release/Obj/ASSIGNMENT_P2/nrfx_spim.o
LOAD Output/Release/Obj/ASSIGNMENT_P2/nrfx_uart.o
LOAD Output/Release/Obj/ASSIGNMENT_P2/nrfx_uarte.o
LOAD Output/Release/Obj/ASSIGNMENT_P2/main.o
LOAD Output/Release/Obj/ASSIGNMENT_P2/SEGGER_RTT.o
LOAD Output/Release/Obj/ASSIGNMENT_P2/SEGGER_RTT_Syscalls_SES.o
LOAD Output/Release/Obj/ASSIGNMENT_P2/SEGGER_RTT_printf.o
LOAD Output/Release/Obj/ASSIGNMENT_P2/diskio_blkdev.o
LOAD Output/Release/Obj/ASSIGNMENT_P2/ff.o
LOAD Output/Release/Obj/ASSIGNMENT_P2/ses_startup_nrf52.o
LOAD Output/Release/Obj/ASSIGNMENT_P2/ses_startup_nrf_common.o
LOAD Output/Release/Obj/ASSIGNMENT_P2/system_nrf52.o
LOAD C:/Program Files/SEGGER/SEGGER Embedded Studio for ARM 5.50d/lib/libm_v7em_fpv4_sp_d16_hard_t_le_eabi.a
LOAD C:/Program Files/SEGGER/SEGGER Embedded Studio for ARM 5.50d/lib/libc_v7em_fpv4_sp_d16_hard_t_le_eabi.a
LOAD C:/Program Files/SEGGER/SEGGER Embedded Studio for ARM 5.50d/lib/libdebugio_v7em_fpv4_sp_d16_hard_t_le_eabi.a
END GROUP
OUTPUT(Output/Release/Exe/ASSIGNMENT_P2.elf elf32-littlearm)
LOAD linker stubs

.ARM.attributes
                0x0000000000000000       0x30
 .ARM.attributes
                0x0000000000000000       0x20 Output/Release/Obj/ASSIGNMENT_P2/thumb_crt0.o
 .ARM.attributes
                0x0000000000000020       0x39 Output/Release/Obj/ASSIGNMENT_P2/nrf_log_backend_serial.o
 .ARM.attributes
                0x0000000000000059       0x39 Output/Release/Obj/ASSIGNMENT_P2/nrf_log_default_backends.o
 .ARM.attributes
                0x0000000000000092       0x39 Output/Release/Obj/ASSIGNMENT_P2/nrf_log_frontend.o
 .ARM.attributes
                0x00000000000000cb       0x39 Output/Release/Obj/ASSIGNMENT_P2/nrf_log_str_formatter.o
 .ARM.attributes
                0x0000000000000104       0x39 Output/Release/Obj/ASSIGNMENT_P2/nrf_log_backend_uart.o
 .ARM.attributes
                0x000000000000013d       0x39 Output/Release/Obj/ASSIGNMENT_P2/boards.o
 .ARM.attributes
                0x0000000000000176       0x39 Output/Release/Obj/ASSIGNMENT_P2/app_error.o
 .ARM.attributes
                0x00000000000001af       0x39 Output/Release/Obj/ASSIGNMENT_P2/app_error_weak.o
 .ARM.attributes
                0x00000000000001e8       0x39 Output/Release/Obj/ASSIGNMENT_P2/app_sdcard.o
 .ARM.attributes
                0x0000000000000221       0x39 Output/Release/Obj/ASSIGNMENT_P2/app_util_platform.o
 .ARM.attributes
                0x000000000000025a       0x39 Output/Release/Obj/ASSIGNMENT_P2/nrf_atomic.o
 .ARM.attributes
                0x0000000000000293       0x39 Output/Release/Obj/ASSIGNMENT_P2/nrf_balloc.o
 .ARM.attributes
                0x00000000000002cc       0x39 Output/Release/Obj/ASSIGNMENT_P2/nrf_block_dev_sdc.o
 .ARM.attributes
                0x0000000000000305       0x39 Output/Release/Obj/ASSIGNMENT_P2/nrf_fprintf.o
 .ARM.attributes
                0x000000000000033e       0x39 Output/Release/Obj/ASSIGNMENT_P2/nrf_fprintf_format.o
 .ARM.attributes
                0x0000000000000377       0x39 Output/Release/Obj/ASSIGNMENT_P2/nrf_memobj.o
 .ARM.attributes
                0x00000000000003b0       0x39 Output/Release/Obj/ASSIGNMENT_P2/nrf_ringbuf.o
 .ARM.attributes
                0x00000000000003e9       0x39 Output/Release/Obj/ASSIGNMENT_P2/nrf_drv_spi.o
 .ARM.attributes
                0x0000000000000422       0x39 Output/Release/Obj/ASSIGNMENT_P2/nrf_drv_uart.o
 .ARM.attributes
                0x000000000000045b       0x39 Output/Release/Obj/ASSIGNMENT_P2/nrfx_prs.o
 .ARM.attributes
                0x0000000000000494       0x39 Output/Release/Obj/ASSIGNMENT_P2/nrfx_spim.o
 .ARM.attributes
                0x00000000000004cd       0x39 Output/Release/Obj/ASSIGNMENT_P2/nrfx_uart.o
 .ARM.attributes
                0x0000000000000506       0x39 Output/Release/Obj/ASSIGNMENT_P2/nrfx_uarte.o
 .ARM.attributes
                0x000000000000053f       0x39 Output/Release/Obj/ASSIGNMENT_P2/main.o
 .ARM.attributes
                0x0000000000000578       0x39 Output/Release/Obj/ASSIGNMENT_P2/diskio_blkdev.o
 .ARM.attributes
                0x00000000000005b1       0x39 Output/Release/Obj/ASSIGNMENT_P2/ff.o
 .ARM.attributes
                0x00000000000005ea       0x20 Output/Release/Obj/ASSIGNMENT_P2/ses_startup_nrf52.o
 .ARM.attributes
                0x000000000000060a       0x20 Output/Release/Obj/ASSIGNMENT_P2/ses_startup_nrf_common.o
 .ARM.attributes
                0x000000000000062a       0x39 Output/Release/Obj/ASSIGNMENT_P2/system_nrf52.o
 .ARM.attributes
                0x0000000000000663       0x34 C:/Program Files/SEGGER/SEGGER Embedded Studio for ARM 5.50d/lib/libc_v7em_fpv4_sp_d16_hard_t_le_eabi.a(libc2.o)
 .ARM.attributes
                0x0000000000000697       0x20 C:/Program Files/SEGGER/SEGGER Embedded Studio for ARM 5.50d/lib/libc_v7em_fpv4_sp_d16_hard_t_le_eabi.a(libc2_asm.o)

.comment        0x0000000000000000       0x25
 .comment       0x0000000000000000       0x25 Output/Release/Obj/ASSIGNMENT_P2/nrf_log_backend_serial.o
                                         0x26 (size before relaxing)
 .comment       0x0000000000000025       0x26 Output/Release/Obj/ASSIGNMENT_P2/nrf_log_default_backends.o
 .comment       0x0000000000000025       0x26 Output/Release/Obj/ASSIGNMENT_P2/nrf_log_frontend.o
 .comment       0x0000000000000025       0x26 Output/Release/Obj/ASSIGNMENT_P2/nrf_log_str_formatter.o
 .comment       0x0000000000000025       0x26 Output/Release/Obj/ASSIGNMENT_P2/nrf_log_backend_uart.o
 .comment       0x0000000000000025       0x26 Output/Release/Obj/ASSIGNMENT_P2/boards.o
 .comment       0x0000000000000025       0x26 Output/Release/Obj/ASSIGNMENT_P2/app_error.o
 .comment       0x0000000000000025       0x26 Output/Release/Obj/ASSIGNMENT_P2/app_error_weak.o
 .comment       0x0000000000000025       0x26 Output/Release/Obj/ASSIGNMENT_P2/app_sdcard.o
 .comment       0x0000000000000025       0x26 Output/Release/Obj/ASSIGNMENT_P2/app_util_platform.o
 .comment       0x0000000000000025       0x26 Output/Release/Obj/ASSIGNMENT_P2/nrf_atomic.o
 .comment       0x0000000000000025       0x26 Output/Release/Obj/ASSIGNMENT_P2/nrf_balloc.o
 .comment       0x0000000000000025       0x26 Output/Release/Obj/ASSIGNMENT_P2/nrf_block_dev_sdc.o
 .comment       0x0000000000000025       0x26 Output/Release/Obj/ASSIGNMENT_P2/nrf_fprintf.o
 .comment       0x0000000000000025       0x26 Output/Release/Obj/ASSIGNMENT_P2/nrf_fprintf_format.o
 .comment       0x0000000000000025       0x26 Output/Release/Obj/ASSIGNMENT_P2/nrf_memobj.o
 .comment       0x0000000000000025       0x26 Output/Release/Obj/ASSIGNMENT_P2/nrf_ringbuf.o
 .comment       0x0000000000000025       0x26 Output/Release/Obj/ASSIGNMENT_P2/nrf_drv_spi.o
 .comment       0x0000000000000025       0x26 Output/Release/Obj/ASSIGNMENT_P2/nrf_drv_uart.o
 .comment       0x0000000000000025       0x26 Output/Release/Obj/ASSIGNMENT_P2/nrfx_prs.o
 .comment       0x0000000000000025       0x26 Output/Release/Obj/ASSIGNMENT_P2/nrfx_spim.o
 .comment       0x0000000000000025       0x26 Output/Release/Obj/ASSIGNMENT_P2/nrfx_uart.o
 .comment       0x0000000000000025       0x26 Output/Release/Obj/ASSIGNMENT_P2/nrfx_uarte.o
 .comment       0x0000000000000025       0x26 Output/Release/Obj/ASSIGNMENT_P2/main.o
 .comment       0x0000000000000025       0x26 Output/Release/Obj/ASSIGNMENT_P2/diskio_blkdev.o
 .comment       0x0000000000000025       0x26 Output/Release/Obj/ASSIGNMENT_P2/ff.o
 .comment       0x0000000000000025       0x26 Output/Release/Obj/ASSIGNMENT_P2/system_nrf52.o
 .comment       0x0000000000000025       0x26 C:/Program Files/SEGGER/SEGGER Embedded Studio for ARM 5.50d/lib/libc_v7em_fpv4_sp_d16_hard_t_le_eabi.a(libc2.o)

.debug_line     0x0000000000000000    0x1441d
 .debug_line    0x0000000000000000      0x21f Output/Release/Obj/ASSIGNMENT_P2/thumb_crt0.o
 .debug_line    0x000000000000021f      0x6f9 Output/Release/Obj/ASSIGNMENT_P2/nrf_log_backend_serial.o
 .debug_line    0x0000000000000918      0x5f1 Output/Release/Obj/ASSIGNMENT_P2/nrf_log_default_backends.o
 .debug_line    0x0000000000000f09     0x1290 Output/Release/Obj/ASSIGNMENT_P2/nrf_log_frontend.o
 .debug_line    0x0000000000002199      0x800 Output/Release/Obj/ASSIGNMENT_P2/nrf_log_str_formatter.o
 .debug_line    0x0000000000002999      0x97d Output/Release/Obj/ASSIGNMENT_P2/nrf_log_backend_uart.o
 .debug_line    0x0000000000003316      0xb0d Output/Release/Obj/ASSIGNMENT_P2/boards.o
 .debug_line    0x0000000000003e23      0x3ed Output/Release/Obj/ASSIGNMENT_P2/app_error.o
 .debug_line    0x0000000000004210      0x724 Output/Release/Obj/ASSIGNMENT_P2/app_error_weak.o
 .debug_line    0x0000000000004934     0x1867 Output/Release/Obj/ASSIGNMENT_P2/app_sdcard.o
 .debug_line    0x000000000000619b      0x47b Output/Release/Obj/ASSIGNMENT_P2/app_util_platform.o
 .debug_line    0x0000000000006616      0x6d1 Output/Release/Obj/ASSIGNMENT_P2/nrf_atomic.o
 .debug_line    0x0000000000006ce7      0x6e2 Output/Release/Obj/ASSIGNMENT_P2/nrf_balloc.o
 .debug_line    0x00000000000073c9      0x878 Output/Release/Obj/ASSIGNMENT_P2/nrf_block_dev_sdc.o
 .debug_line    0x0000000000007c41      0x40d Output/Release/Obj/ASSIGNMENT_P2/nrf_fprintf.o
 .debug_line    0x000000000000804e      0x879 Output/Release/Obj/ASSIGNMENT_P2/nrf_fprintf_format.o
 .debug_line    0x00000000000088c7      0x838 Output/Release/Obj/ASSIGNMENT_P2/nrf_memobj.o
 .debug_line    0x00000000000090ff      0x7a8 Output/Release/Obj/ASSIGNMENT_P2/nrf_ringbuf.o
 .debug_line    0x00000000000098a7      0x676 Output/Release/Obj/ASSIGNMENT_P2/nrf_drv_spi.o
 .debug_line    0x0000000000009f1d      0x6b1 Output/Release/Obj/ASSIGNMENT_P2/nrf_drv_uart.o
 .debug_line    0x000000000000a5ce      0x768 Output/Release/Obj/ASSIGNMENT_P2/nrfx_prs.o
 .debug_line    0x000000000000ad36     0x1361 Output/Release/Obj/ASSIGNMENT_P2/nrfx_spim.o
 .debug_line    0x000000000000c097     0x183e Output/Release/Obj/ASSIGNMENT_P2/nrfx_uart.o
 .debug_line    0x000000000000d8d5     0x17cc Output/Release/Obj/ASSIGNMENT_P2/nrfx_uarte.o
 .debug_line    0x000000000000f0a1      0xbbf Output/Release/Obj/ASSIGNMENT_P2/main.o
 .debug_line    0x000000000000fc60      0x927 Output/Release/Obj/ASSIGNMENT_P2/diskio_blkdev.o
 .debug_line    0x0000000000010587     0x3640 Output/Release/Obj/ASSIGNMENT_P2/ff.o
 .debug_line    0x0000000000013bc7       0xca Output/Release/Obj/ASSIGNMENT_P2/ses_startup_nrf52.o
 .debug_line    0x0000000000013c91       0xec Output/Release/Obj/ASSIGNMENT_P2/ses_startup_nrf_common.o
 .debug_line    0x0000000000013d7d      0x6a0 Output/Release/Obj/ASSIGNMENT_P2/system_nrf52.o

.debug_info     0x0000000000000000    0x1e47a
 .debug_info    0x0000000000000000       0x22 Output/Release/Obj/ASSIGNMENT_P2/thumb_crt0.o
 .debug_info    0x0000000000000022      0x77b Output/Release/Obj/ASSIGNMENT_P2/nrf_log_backend_serial.o
 .debug_info    0x000000000000079d      0x2df Output/Release/Obj/ASSIGNMENT_P2/nrf_log_default_backends.o
 .debug_info    0x0000000000000a7c     0x2374 Output/Release/Obj/ASSIGNMENT_P2/nrf_log_frontend.o
 .debug_info    0x0000000000002df0      0x7a5 Output/Release/Obj/ASSIGNMENT_P2/nrf_log_str_formatter.o
 .debug_info    0x0000000000003595     0x114d Output/Release/Obj/ASSIGNMENT_P2/nrf_log_backend_uart.o
 .debug_info    0x00000000000046e2      0xc0e Output/Release/Obj/ASSIGNMENT_P2/boards.o
 .debug_info    0x00000000000052f0      0x2a4 Output/Release/Obj/ASSIGNMENT_P2/app_error.o
 .debug_info    0x0000000000005594      0x4a1 Output/Release/Obj/ASSIGNMENT_P2/app_error_weak.o
 .debug_info    0x0000000000005a35     0x2943 Output/Release/Obj/ASSIGNMENT_P2/app_sdcard.o
 .debug_info    0x0000000000008378      0x785 Output/Release/Obj/ASSIGNMENT_P2/app_util_platform.o
 .debug_info    0x0000000000008afd      0x933 Output/Release/Obj/ASSIGNMENT_P2/nrf_atomic.o
 .debug_info    0x0000000000009430      0x3a6 Output/Release/Obj/ASSIGNMENT_P2/nrf_balloc.o
 .debug_info    0x00000000000097d6      0xbfd Output/Release/Obj/ASSIGNMENT_P2/nrf_block_dev_sdc.o
 .debug_info    0x000000000000a3d3      0x233 Output/Release/Obj/ASSIGNMENT_P2/nrf_fprintf.o
 .debug_info    0x000000000000a606      0x72d Output/Release/Obj/ASSIGNMENT_P2/nrf_fprintf_format.o
 .debug_info    0x000000000000ad33      0x8bb Output/Release/Obj/ASSIGNMENT_P2/nrf_memobj.o
 .debug_info    0x000000000000b5ee      0x622 Output/Release/Obj/ASSIGNMENT_P2/nrf_ringbuf.o
 .debug_info    0x000000000000bc10      0xe1c Output/Release/Obj/ASSIGNMENT_P2/nrf_drv_spi.o
 .debug_info    0x000000000000ca2c     0x1193 Output/Release/Obj/ASSIGNMENT_P2/nrf_drv_uart.o
 .debug_info    0x000000000000dbbf      0x7c9 Output/Release/Obj/ASSIGNMENT_P2/nrfx_prs.o
 .debug_info    0x000000000000e388     0x2918 Output/Release/Obj/ASSIGNMENT_P2/nrfx_spim.o
 .debug_info    0x0000000000010ca0     0x317f Output/Release/Obj/ASSIGNMENT_P2/nrfx_uart.o
 .debug_info    0x0000000000013e1f     0x335c Output/Release/Obj/ASSIGNMENT_P2/nrfx_uarte.o
 .debug_info    0x000000000001717b      0xf13 Output/Release/Obj/ASSIGNMENT_P2/main.o
 .debug_info    0x000000000001808e      0xacf Output/Release/Obj/ASSIGNMENT_P2/diskio_blkdev.o
 .debug_info    0x0000000000018b5d     0x4554 Output/Release/Obj/ASSIGNMENT_P2/ff.o
 .debug_info    0x000000000001d0b1       0x23 Output/Release/Obj/ASSIGNMENT_P2/ses_startup_nrf52.o
 .debug_info    0x000000000001d0d4       0x23 Output/Release/Obj/ASSIGNMENT_P2/ses_startup_nrf_common.o
 .debug_info    0x000000000001d0f7     0x1383 Output/Release/Obj/ASSIGNMENT_P2/system_nrf52.o

.debug_abbrev   0x0000000000000000     0x4c9f
 .debug_abbrev  0x0000000000000000       0x12 Output/Release/Obj/ASSIGNMENT_P2/thumb_crt0.o
 .debug_abbrev  0x0000000000000012      0x214 Output/Release/Obj/ASSIGNMENT_P2/nrf_log_backend_serial.o
 .debug_abbrev  0x0000000000000226      0x193 Output/Release/Obj/ASSIGNMENT_P2/nrf_log_default_backends.o
 .debug_abbrev  0x00000000000003b9      0x601 Output/Release/Obj/ASSIGNMENT_P2/nrf_log_frontend.o
 .debug_abbrev  0x00000000000009ba      0x1f2 Output/Release/Obj/ASSIGNMENT_P2/nrf_log_str_formatter.o
 .debug_abbrev  0x0000000000000bac      0x3c9 Output/Release/Obj/ASSIGNMENT_P2/nrf_log_backend_uart.o
 .debug_abbrev  0x0000000000000f75      0x2e9 Output/Release/Obj/ASSIGNMENT_P2/boards.o
 .debug_abbrev  0x000000000000125e      0x13e Output/Release/Obj/ASSIGNMENT_P2/app_error.o
 .debug_abbrev  0x000000000000139c      0x21b Output/Release/Obj/ASSIGNMENT_P2/app_error_weak.o
 .debug_abbrev  0x00000000000015b7      0x549 Output/Release/Obj/ASSIGNMENT_P2/app_sdcard.o
 .debug_abbrev  0x0000000000001b00      0x23c Output/Release/Obj/ASSIGNMENT_P2/app_util_platform.o
 .debug_abbrev  0x0000000000001d3c      0x199 Output/Release/Obj/ASSIGNMENT_P2/nrf_atomic.o
 .debug_abbrev  0x0000000000001ed5      0x1fc Output/Release/Obj/ASSIGNMENT_P2/nrf_balloc.o
 .debug_abbrev  0x00000000000020d1      0x2a4 Output/Release/Obj/ASSIGNMENT_P2/nrf_block_dev_sdc.o
 .debug_abbrev  0x0000000000002375      0x146 Output/Release/Obj/ASSIGNMENT_P2/nrf_fprintf.o
 .debug_abbrev  0x00000000000024bb      0x2e2 Output/Release/Obj/ASSIGNMENT_P2/nrf_fprintf_format.o
 .debug_abbrev  0x000000000000279d      0x1ff Output/Release/Obj/ASSIGNMENT_P2/nrf_memobj.o
 .debug_abbrev  0x000000000000299c      0x15e Output/Release/Obj/ASSIGNMENT_P2/nrf_ringbuf.o
 .debug_abbrev  0x0000000000002afa      0x258 Output/Release/Obj/ASSIGNMENT_P2/nrf_drv_spi.o
 .debug_abbrev  0x0000000000002d52      0x22d Output/Release/Obj/ASSIGNMENT_P2/nrf_drv_uart.o
 .debug_abbrev  0x0000000000002f7f      0x294 Output/Release/Obj/ASSIGNMENT_P2/nrfx_prs.o
 .debug_abbrev  0x0000000000003213      0x443 Output/Release/Obj/ASSIGNMENT_P2/nrfx_spim.o
 .debug_abbrev  0x0000000000003656      0x583 Output/Release/Obj/ASSIGNMENT_P2/nrfx_uart.o
 .debug_abbrev  0x0000000000003bd9      0x4f0 Output/Release/Obj/ASSIGNMENT_P2/nrfx_uarte.o
 .debug_abbrev  0x00000000000040c9      0x267 Output/Release/Obj/ASSIGNMENT_P2/main.o
 .debug_abbrev  0x0000000000004330      0x373 Output/Release/Obj/ASSIGNMENT_P2/diskio_blkdev.o
 .debug_abbrev  0x00000000000046a3      0x364 Output/Release/Obj/ASSIGNMENT_P2/ff.o
 .debug_abbrev  0x0000000000004a07       0x14 Output/Release/Obj/ASSIGNMENT_P2/ses_startup_nrf52.o
 .debug_abbrev  0x0000000000004a1b       0x14 Output/Release/Obj/ASSIGNMENT_P2/ses_startup_nrf_common.o
 .debug_abbrev  0x0000000000004a2f      0x270 Output/Release/Obj/ASSIGNMENT_P2/system_nrf52.o

.debug_aranges  0x0000000000000000      0xa30
 .debug_aranges
                0x0000000000000000       0x98 Output/Release/Obj/ASSIGNMENT_P2/thumb_crt0.o
 .debug_aranges
                0x0000000000000098       0x20 Output/Release/Obj/ASSIGNMENT_P2/nrf_log_backend_serial.o
 .debug_aranges
                0x00000000000000b8       0x20 Output/Release/Obj/ASSIGNMENT_P2/nrf_log_default_backends.o
 .debug_aranges
                0x00000000000000d8       0xd0 Output/Release/Obj/ASSIGNMENT_P2/nrf_log_frontend.o
 .debug_aranges
                0x00000000000001a8       0x40 Output/Release/Obj/ASSIGNMENT_P2/nrf_log_str_formatter.o
 .debug_aranges
                0x00000000000001e8       0x50 Output/Release/Obj/ASSIGNMENT_P2/nrf_log_backend_uart.o
 .debug_aranges
                0x0000000000000238       0x78 Output/Release/Obj/ASSIGNMENT_P2/boards.o
 .debug_aranges
                0x00000000000002b0       0x28 Output/Release/Obj/ASSIGNMENT_P2/app_error.o
 .debug_aranges
                0x00000000000002d8       0x20 Output/Release/Obj/ASSIGNMENT_P2/app_error_weak.o
 .debug_aranges
                0x00000000000002f8       0x68 Output/Release/Obj/ASSIGNMENT_P2/app_sdcard.o
 .debug_aranges
                0x0000000000000360       0x48 Output/Release/Obj/ASSIGNMENT_P2/app_util_platform.o
 .debug_aranges
                0x00000000000003a8       0xb0 Output/Release/Obj/ASSIGNMENT_P2/nrf_atomic.o
 .debug_aranges
                0x0000000000000458       0x30 Output/Release/Obj/ASSIGNMENT_P2/nrf_balloc.o
 .debug_aranges
                0x0000000000000488       0x58 Output/Release/Obj/ASSIGNMENT_P2/nrf_block_dev_sdc.o
 .debug_aranges
                0x00000000000004e0       0x28 Output/Release/Obj/ASSIGNMENT_P2/nrf_fprintf.o
 .debug_aranges
                0x0000000000000508       0x30 Output/Release/Obj/ASSIGNMENT_P2/nrf_fprintf_format.o
 .debug_aranges
                0x0000000000000538       0x58 Output/Release/Obj/ASSIGNMENT_P2/nrf_memobj.o
 .debug_aranges
                0x0000000000000590       0x50 Output/Release/Obj/ASSIGNMENT_P2/nrf_ringbuf.o